<html>
<body>
<pre>
<h1>µVision Build Log</h1>
<h2>Tool Versions:</h2>
IDE-Version: ¦ÌVision V5.27.1.0
Copyright (C) 2019 ARM Ltd and ARM Germany GmbH. All rights reserved.
License Information: 1 geehy, 1, LIC=IK1BF-6KMZ2-74WS0-BXTNP-J3CTL-MUMCF
 
Tool Versions:
Toolchain:       MDK-ARM Plus  Version: 5.27.1.0
Toolchain Path:  d:\Keil_v5\ARM\ARMCC\Bin
C Compiler:      Armcc.exe V5.06 update 6 (build 750)
Assembler:       Armasm.exe V5.06 update 6 (build 750)
Linker/Locator:  ArmLink.exe V5.06 update 6 (build 750)
Library Manager: ArmAr.exe V5.06 update 6 (build 750)
Hex Converter:   FromElf.exe V5.06 update 6 (build 750)
CPU DLL:         SARMCM3.DLL V5.27.1.0
Dialog DLL:      DARMCM1.DLL V1.19.2.0
Target DLL:      CMSIS_AGDI.dll V1.31.17.0
Dialog DLL:      TARMCM1.DLL V1.14.1.0
 
<h2>Project:</h2>
D:\Desktop\workshop20230220\workshop\APM32_USB_KEYBOARD\Examples\APM32F0xx\Device_Examples\USBD_HID\Project\MDK\USBD_HID.uvprojx
Project File Date:  02/20/2023

<h2>Output:</h2>
*** Using Compiler 'V5.06 update 6 (build 750)', folder: 'd:\Keil_v5\ARM\ARMCC\Bin'
Rebuild target 'APM32F072'
compiling bsp_delay.c...
compiling board.c...
compiling board_apm32f072_eval.c...
compiling tsc_user.c...
..\..\Source\tsc_user.c(343): warning:  #177-D: variable "buffer"  was declared but never referenced
  	  uint8_t buffer[8];
..\..\Source\tsc_user.c(386): warning:  #177-D: variable "buffer"  was declared but never referenced
      uint8_t buffer[8]={0,0,0};
..\..\Source\tsc_user.c(525): warning:  #177-D: variable "x"  was declared but never referenced
      int8_t x = 0;
..\..\Source\tsc_user.c(526): warning:  #177-D: variable "y"  was declared but never referenced
      int8_t y = 0;
..\..\Source\tsc_user.c: 4 warnings, 0 errors
compiling bsp_lcd.c...
compiling apm32f0xx_int.c...
..\..\Source\apm32f0xx_int.c(186): warning:  #1-D: last line of file ends without a newline
  }
..\..\Source\apm32f0xx_int.c: 1 warning, 0 errors
compiling main.c...
..\..\Source\main.c(84): warning:  #177-D: variable "buffer"  was declared but never referenced
  	  uint8_t buffer[8] ={0,0,0,0,0};
..\..\Source\main.c(148): warning:  #550-D: variable "report"  was set but never used
      static int8_t report[4] = { 0 };
..\..\Source\main.c: 2 warnings, 0 errors
compiling usbd_descriptor.c...
compiling usb_device_user.c...
assembling startup_apm32f072.s...
compiling usbd_board.c...
compiling system_apm32f0xx.c...
compiling apm32f0xx_adc.c...
compiling apm32f0xx_can.c...
compiling apm32f0xx_cec.c...
compiling apm32f0xx_comp.c...
compiling apm32f0xx_crc.c...
compiling apm32f0xx_crs.c...
compiling apm32f0xx_dac.c...
compiling apm32f0xx_dbg.c...
compiling apm32f0xx_dma.c...
compiling apm32f0xx_eint.c...
compiling apm32f0xx_gpio.c...
compiling apm32f0xx_fmc.c...
compiling apm32f0xx_i2c.c...
compiling apm32f0xx_iwdt.c...
compiling apm32f0xx_misc.c...
compiling apm32f0xx_ob.c...
compiling apm32f0xx_pmu.c...
compiling apm32f0xx_rcm.c...
compiling apm32f0xx_rtc.c...
compiling apm32f0xx_spi.c...
compiling apm32f0xx_syscfg.c...
compiling apm32f0xx_tmr.c...
compiling apm32f0xx_usart.c...
compiling apm32f0xx_wwdt.c...
compiling apm32f0xx_usb.c...
compiling apm32f0xx_usb_device.c...
compiling usbd_core.c...
compiling usbd_dataXfer.c...
compiling usbd_stdReq.c...
compiling usbd_hid.c...
compiling tsc.c...
compiling tsc_acq.c...
compiling tsc_dxs.c...
compiling tsc_ecs.c...
compiling tsc_filter.c...
compiling tsc_linrot.c...
compiling tsc_object.c...
compiling tsc_time.c...
compiling tsc_touchkey.c...
linking...
Program Size: Code=25580 RO-data=14268 RW-data=536 ZI-data=4736  
".\Objects\APM32F072\USBD_HID.axf" - 0 Error(s), 7 Warning(s).

<h2>Software Packages used:</h2>

Package Vendor: Geehy
                https://www.geehy.com/uploads/tool/Geehy.APM32F0xx_DFP.1.0.8.pack
                Geehy.APM32F0xx_DFP.1.0.8
                Geehy Semiconductor APM32F0xx Series Device Support

<h2>Collection of Component include folders:</h2>
  .\RTE\_APM32F072
  d:\Arm\Packs\Geehy\APM32F0xx_DFP\1.0.8\Device\Device\Geehy\APM32F0xx\Include

<h2>Collection of Component Files used:</h2>
Build Time Elapsed:  00:00:17
</pre>
</body>
</html>
