Component: ARM Compiler 5.06 update 6 (build 750) Tool: armlink [4d35ed]

==============================================================================

Section Cross References

    tsc_user.o(i.APM_EVAL_TMR14_Init) refers to apm32f0xx_rcm.o(i.RCM_EnableAPB2PeriphClock) for RCM_EnableAPB2PeriphClock
    tsc_user.o(i.APM_EVAL_TMR14_Init) refers to apm32f0xx_rcm.o(i.RCM_EnableAPB1PeriphClock) for RCM_EnableAPB1PeriphClock
    tsc_user.o(i.APM_EVAL_TMR14_Init) refers to apm32f0xx_tmr.o(i.TMR_ConfigTimeBase) for TMR_ConfigTimeBase
    tsc_user.o(i.APM_EVAL_TMR14_Init) refers to apm32f0xx_tmr.o(i.TMR_EnableInterrupt) for TMR_EnableInterrupt
    tsc_user.o(i.APM_EVAL_TMR14_Init) refers to apm32f0xx_misc.o(i.NVIC_EnableIRQRequest) for NVIC_EnableIRQRequest
    tsc_user.o(i.APM_EVAL_TMR14_Init) refers to apm32f0xx_tmr.o(i.TMR_Enable) for TMR_Enable
    tsc_user.o(i.HidMouse_Proc) refers to tsc_user.o(i.HidMouse_ReadKey) for HidMouse_ReadKey
    tsc_user.o(i.HidMouse_Proc) refers to tsc_user.o(i.HidMouse_Write) for HidMouse_Write
    tsc_user.o(i.HidMouse_Proc) refers to bsp_delay.o(i.APM_DelayMs) for APM_DelayMs
    tsc_user.o(i.HidMouse_Proc) refers to usbd_hid.o(i.USBD_HID_TxReport) for USBD_HID_TxReport
    tsc_user.o(i.HidMouse_Proc) refers to tsc_user.o(.data) for keyRecord
    tsc_user.o(i.HidMouse_Proc) refers to usb_device_user.o(.bss) for gUsbDeviceFS
    tsc_user.o(i.HidMouse_ReadKey) refers to apm32f0xx_gpio.o(i.GPIO_ReadInputBit) for GPIO_ReadInputBit
    tsc_user.o(i.HidMouse_Write) refers to usbd_hid.o(i.USBD_HID_TxReport) for USBD_HID_TxReport
    tsc_user.o(i.HidMouse_Write) refers to tsc_user.o(.data) for keyRecord
    tsc_user.o(i.HidMouse_Write) refers to usb_device_user.o(.bss) for gUsbDeviceFS
    tsc_user.o(i.Menu_TSCHandler) refers to bsp_delay.o(i.APM_DelayMs) for APM_DelayMs
    tsc_user.o(i.Menu_TSCHandler) refers to usbd_hid.o(i.USBD_HID_TxReport) for USBD_HID_TxReport
    tsc_user.o(i.Menu_TSCHandler) refers to tsc_user.o(.data) for tscPressStatus
    tsc_user.o(i.Menu_TSCHandler) refers to usb_device_user.o(.bss) for gUsbDeviceFS
    tsc_user.o(i.MyKeys_ProcessErrorState) refers to tsc_touchkey.o(i.TSC_TouchKey_ConfigOffState) for TSC_TouchKey_ConfigOffState
    tsc_user.o(i.TMR14_Isr) refers to apm32f0xx_tmr.o(i.TMR_ReadIntFlag) for TMR_ReadIntFlag
    tsc_user.o(i.TMR14_Isr) refers to apm32f0xx_tmr.o(i.TMR_ClearIntFlag) for TMR_ClearIntFlag
    tsc_user.o(i.TMR14_Isr) refers to board_apm32f072_eval.o(i.APM_EVAL_LEDToggle) for APM_EVAL_LEDToggle
    tsc_user.o(i.TMR14_Isr) refers to tsc_user.o(.data) for cntTick
    tsc_user.o(i.TSC_DetectHandler) refers to tsc_user.o(i.__ARM_common_switch8) for __ARM_common_switch8
    tsc_user.o(i.TSC_DetectHandler) refers to tsc_user.o(.constdata) for MyTouchKeys
    tsc_user.o(i.TSC_DetectHandler) refers to tsc_user.o(.data) for tscPressStatus
    tsc_user.o(i.TSC_ReleaseHandler) refers to tsc_user.o(i.__ARM_common_switch8) for __ARM_common_switch8
    tsc_user.o(i.TSC_ReleaseHandler) refers to tsc_user.o(.constdata) for MyTouchKeys
    tsc_user.o(i.TSC_ReleaseHandler) refers to tsc_user.o(.data) for tscPressStatus
    tsc_user.o(i.TSC_User_Action) refers to tsc_acq.o(i.TSC_Acq_ConfigBlock) for TSC_Acq_ConfigBlock
    tsc_user.o(i.TSC_User_Action) refers to tsc_acq.o(i.TSC_Acq_StartPerConfigBlock) for TSC_Acq_StartPerConfigBlock
    tsc_user.o(i.TSC_User_Action) refers to tsc_acq.o(i.TSC_Acq_WaitBlockEOA) for TSC_Acq_WaitBlockEOA
    tsc_user.o(i.TSC_User_Action) refers to tsc_acq.o(i.TSC_Acq_ReadBlockResult) for TSC_Acq_ReadBlockResult
    tsc_user.o(i.TSC_User_Action) refers to tsc_object.o(i.TSC_Obj_ProcessGroup) for TSC_Obj_ProcessGroup
    tsc_user.o(i.TSC_User_Action) refers to tsc_dxs.o(i.TSC_Dxs_FirstObj) for TSC_Dxs_FirstObj
    tsc_user.o(i.TSC_User_Action) refers to tsc_time.o(i.TSC_Time_Delay_ms) for TSC_Time_Delay_ms
    tsc_user.o(i.TSC_User_Action) refers to tsc_ecs.o(i.TSC_Ecs_Process) for TSC_Ecs_Process
    tsc_user.o(i.TSC_User_Action) refers to tsc_user.o(.data) for config_done
    tsc_user.o(i.TSC_User_Config) refers to tsc_object.o(i.TSC_Obj_ConfigGroup) for TSC_Obj_ConfigGroup
    tsc_user.o(i.TSC_User_Config) refers to tsc.o(i.TSC_Config) for TSC_Config
    tsc_user.o(i.TSC_User_Config) refers to tsc_user.o(i.TSC_User_Thresholds) for TSC_User_Thresholds
    tsc_user.o(i.TSC_User_Config) refers to tsc_user.o(.data) for MyObjGroup
    tsc_user.o(i.TSC_User_Config) refers to tsc_user.o(.constdata) for MyBlocks
    tsc_user.o(.constdata) refers to tsc_user.o(.bss) for MyChannels_Data
    tsc_user.o(.constdata) refers to tsc_touchkey.o(i.TSC_TouchKey_ProcessCalibrationState) for TSC_TouchKey_ProcessCalibrationState
    tsc_user.o(.constdata) refers to tsc_touchkey.o(i.TSC_TouchKey_ProcessDebCalibrationState) for TSC_TouchKey_ProcessDebCalibrationState
    tsc_user.o(.constdata) refers to tsc_touchkey.o(i.TSC_TouchKey_ProcessReleaseState) for TSC_TouchKey_ProcessReleaseState
[...]
    i.USBD_REQ_SetAddress                    0x080058ac   Section        0  usbd_stdreq.o(i.USBD_REQ_SetAddress)
    USBD_REQ_SetAddress                      0x080058ad   Thumb Code   122  usbd_stdreq.o(i.USBD_REQ_SetAddress)
    i.USBD_REQ_SetCfg                        0x08005928   Section        0  usbd_stdreq.o(i.USBD_REQ_SetCfg)
    USBD_REQ_SetCfg                          0x08005929   Thumb Code   284  usbd_stdreq.o(i.USBD_REQ_SetCfg)
    i.USBD_REQ_SetDesc                       0x08005a48   Section        0  usbd_stdreq.o(i.USBD_REQ_SetDesc)
    USBD_REQ_SetDesc                         0x08005a49   Thumb Code     6  usbd_stdreq.o(i.USBD_REQ_SetDesc)
    i.USBD_REQ_SetFeature                    0x08005a4e   Section        0  usbd_stdreq.o(i.USBD_REQ_SetFeature)
    USBD_REQ_SetFeature                      0x08005a4f   Thumb Code    70  usbd_stdreq.o(i.USBD_REQ_SetFeature)
    i.USBD_REQ_SetItf                        0x08005a94   Section        0  usbd_stdreq.o(i.USBD_REQ_SetItf)
    USBD_REQ_SetItf                          0x08005a95   Thumb Code     6  usbd_stdreq.o(i.USBD_REQ_SetItf)
    i.USBD_REQ_SyncFrame                     0x08005a9a   Section        0  usbd_stdreq.o(i.USBD_REQ_SyncFrame)
    USBD_REQ_SyncFrame                       0x08005a9b   Thumb Code     6  usbd_stdreq.o(i.USBD_REQ_SyncFrame)
    i.USBD_ReadBESL                          0x08005aa0   Section        0  apm32f0xx_usb.o(i.USBD_ReadBESL)
    i.USBD_ReadIntFlag                       0x08005aaa   Section        0  apm32f0xx_usb.o(i.USBD_ReadIntFlag)
    i.USBD_Reset                             0x08005abc   Section        0  usbd_core.o(i.USBD_Reset)
    i.USBD_ResetEP                           0x08005b3a   Section        0  apm32f0xx_usb.o(i.USBD_ResetEP)
    i.USBD_ResetForceReset                   0x08005bd6   Section        0  apm32f0xx_usb.o(i.USBD_ResetForceReset)
    i.USBD_ResetForceSuspend                 0x08005be0   Section        0  apm32f0xx_usb.o(i.USBD_ResetForceSuspend)
    i.USBD_ResetLowerPowerMode               0x08005bea   Section        0  apm32f0xx_usb.o(i.USBD_ResetLowerPowerMode)
    i.USBD_Resume                            0x08005bf4   Section        0  usbd_core.o(i.USBD_Resume)
    i.USBD_ResumeCallback                    0x08005c18   Section        0  usbd_board.o(i.USBD_ResumeCallback)
    i.USBD_SOFCallback                       0x08005c44   Section        0  usbd_board.o(i.USBD_SOFCallback)
    i.USBD_SetDevAddress                     0x08005c56   Section        0  apm32f0xx_usb_device.o(i.USBD_SetDevAddress)
    i.USBD_SetDevAddressCallback             0x08005c78   Section        0  usbd_board.o(i.USBD_SetDevAddressCallback)
    i.USBD_SetDeviceAddr                     0x08005c92   Section        0  apm32f0xx_usb.o(i.USBD_SetDeviceAddr)
    i.USBD_SetForceReset                     0x08005ca2   Section        0  apm32f0xx_usb.o(i.USBD_SetForceReset)
    i.USBD_SetForceSuspend                   0x08005cae   Section        0  apm32f0xx_usb.o(i.USBD_SetForceSuspend)
    i.USBD_SetLowerPowerMode                 0x08005cba   Section        0  apm32f0xx_usb.o(i.USBD_SetLowerPowerMode)
    i.USBD_SetSpeed                          0x08005cc6   Section        0  usbd_core.o(i.USBD_SetSpeed)
    i.USBD_SetupStage                        0x08005cdc   Section        0  usbd_core.o(i.USBD_SetupStage)
    i.USBD_SetupStageCallback                0x08006114   Section        0  usbd_board.o(i.USBD_SetupStageCallback)
    i.USBD_Start                             0x0800612c   Section        0  apm32f0xx_usb_device.o(i.USBD_Start)
    i.USBD_StartCallback                     0x0800614c   Section        0  usbd_board.o(i.USBD_StartCallback)
    i.USBD_Suspend                           0x0800615e   Section        0  usbd_core.o(i.USBD_Suspend)
    i.USBD_SuspendCallback                   0x08006180   Section        0  usbd_board.o(i.USBD_SuspendCallback)
    i.USBD_SuspendHandler                    0x080061a8   Section        0  apm32f0xx_usb_device.o(i.USBD_SuspendHandler)
    USBD_SuspendHandler                      0x080061a9   Thumb Code   114  apm32f0xx_usb_device.o(i.USBD_SuspendHandler)
    i.USBD_TestModeHandler                   0x0800621a   Section        0  usbd_core.o(i.USBD_TestModeHandler)
    i.USBH_SetupReqParse                     0x08006220   Section        0  usbd_dataxfer.o(i.USBH_SetupReqParse)
    i.USB_DevUserHandler                     0x08006248   Section        0  usb_device_user.o(i.USB_DevUserHandler)
    USB_DevUserHandler                       0x08006249   Thumb Code    46  usb_device_user.o(i.USB_DevUserHandler)
    i.USB_DeviceInit                         0x0800627c   Section        0  usb_device_user.o(i.USB_DeviceInit)
    i.__0printf$bare                         0x080062a0   Section        0  printfb.o(i.__0printf$bare)
    i.__ARM_common_switch8                   0x080062b4   Section        0  tsc_user.o(i.__ARM_common_switch8)
    i.__scatterload_copy                     0x080062d0   Section       14  handlers.o(i.__scatterload_copy)
    i.__scatterload_null                     0x080062de   Section        2  handlers.o(i.__scatterload_null)
    i.__scatterload_zeroinit                 0x080062e0   Section       14  handlers.o(i.__scatterload_zeroinit)
    i._printf_core                           0x080062ee   Section        0  printfb.o(i._printf_core)
    _printf_core                             0x080062ef   Thumb Code    30  printfb.o(i._printf_core)
    i.fputc                                  0x0800630c   Section        0  main.o(i.fputc)
    i.free                                   0x08006330   Section        0  malloc.o(i.free)
    i.main                                   0x08006384   Section        0  main.o(i.main)
    i.malloc                                 0x08006440   Section        0  malloc.o(i.malloc)
    .constdata                               0x080064ac   Section      452  tsc_user.o(.constdata)
    .constdata                               0x08006670   Section       88  board_apm32f072_eval.o(.constdata)
    .constdata                               0x080066c8   Section    13300  bsp_lcd.o(.constdata)
    .conststring                             0x08009abc   Section      165  bsp_lcd.o(.conststring)
    .conststring                             0x08009b64   Section       21  usbd_descriptor.o(.conststring)
    .conststring                             0x08009b7c   Section       10  usbd_hid.o(.conststring)
    .data                                    0x20000000   Section       60  tsc_user.o(.data)
    idx_block                                0x20000034   Data           4  tsc_user.o(.data)
    config_done                              0x20000038   Data           4  tsc_user.o(.data)
    .data                                    0x2000003c   Section       56  board_apm32f072_eval.o(.data)
    .data                                    0x20000074   Section        4  bsp_delay.o(.data)
    .data                                    0x20000078   Section       24  bsp_lcd.o(.data)
    .data                                    0x20000090   Section        2  usb_device_user.o(.data)
    preAppStatus                             0x20000091   Data           1  usb_device_user.o(.data)
    .data                                    0x20000094   Section      184  usbd_descriptor.o(.data)
    .data                                    0x2000014c   Section        4  system_apm32f0xx.o(.data)
    .data                                    0x20000150   Section       53  usbd_stdreq.o(.data)
    cfgIndex                                 0x20000184   Data           1  usbd_stdreq.o(.data)
    .data                                    0x20000188   Section      120  usbd_hid.o(.data)
    .data                                    0x20000200   Section       10  tsc_acq.o(.data)
    goCalibration                            0x20000204   Data           1  tsc_acq.o(.data)
    doneCalibration                          0x20000206   Data           2  tsc_acq.o(.data)
    CalibDiv                                 0x20000208   Data           2  tsc_acq.o(.data)
    .data                                    0x2000020a   Section        2  tsc_touchkey.o(.data)
    CalibDiv                                 0x2000020a   Data           2  tsc_touchkey.o(.data)
    .data                                    0x2000020c   Section        4  stdout.o(.data)
    .data                                    0x20000210   Section        4  mvars.o(.data)
    .data                                    0x20000214   Section        4  mvars.o(.data)
    .bss                                     0x20000218   Section      130  tsc_user.o(.bss)
    .bss                                     0x2000029c   Section      712  usb_device_user.o(.bss)
    .bss                                     0x20000564   Section      796  usbd_board.o(.bss)
    .bss                                     0x20000880   Section       20  tsc.o(.bss)
    HEAP                                     0x20000898   Section     2048  startup_apm32f072.o(HEAP)
    STACK                                    0x20001098   Section     1024  startup_apm32f072.o(STACK)

    Global Symbols

    Symbol Name                              Value     Ov Type        Size  Object(Section)

    BuildAttributes$$THM_ISAv3M$S$PE$A:L22$X:L11$S22$IEEE1$IW$USESV6$~STKCKD$USESV7$~SHL$OSPACE$ROPI$EBA8$MICROLIB$REQ8$PRES8$EABIv2 0x00000000   Number         0  anon$$obj.o ABSOLUTE
    __ARM_use_no_argv                        0x00000000   Number         0  main.o ABSOLUTE
    __cpp_initialize__aeabi_                  - Undefined Weak Reference
    __cxa_finalize                            - Undefined Weak Reference
    _clock_init                               - Undefined Weak Reference
    _microlib_exit                            - Undefined Weak Reference
    __Vectors_Size                           0x000000c0   Number         0  startup_apm32f072.o ABSOLUTE
    __Vectors                                0x08000000   Data           4  startup_apm32f072.o(RESET)
    __Vectors_End                            0x080000c0   Data           0  startup_apm32f072.o(RESET)
    __main                                   0x080000c1   Thumb Code     0  entry.o(.ARM.Collect$$$$00000000)
    _main_stk                                0x080000c1   Thumb Code     0  entry2.o(.ARM.Collect$$$$00000001)
    _main_scatterload                        0x080000c5   Thumb Code     0  entry5.o(.ARM.Collect$$$$00000004)
    __main_after_scatterload                 0x080000c9   Thumb Code     0  entry5.o(.ARM.Collect$$$$00000004)
    _main_clock                              0x080000c9   Thumb Code     0  entry7b.o(.ARM.Collect$$$$00000008)
    _main_cpp_init                           0x080000c9   Thumb Code     0  entry8b.o(.ARM.Collect$$$$0000000A)
    _main_init                               0x080000c9   Thumb Code     0  entry9a.o(.ARM.Collect$$$$0000000B)
    __rt_final_cpp                           0x080000d1   Thumb Code     0  entry10a.o(.ARM.Collect$$$$0000000D)
    __rt_final_exit                          0x080000d1   Thumb Code     0  entry11a.o(.ARM.Collect$$$$0000000F)
    Reset_Handler                            0x080000d5   Thumb Code     8  startup_apm32f072.o(.text)
    ADC1_COMP_IRQHandler                     0x080000e7   Thumb Code     0  startup_apm32f072.o(.text)
    CEC_CAN_IRQHandler                       0x080000e7   Thumb Code     0  startup_apm32f072.o(.text)
    DMA1_CH1_IRQHandler                      0x080000e7   Thumb Code     0  startup_apm32f072.o(.text)
    DMA1_CH2_3_IRQHandler                    0x080000e7   Thumb Code     0  startup_apm32f072.o(.text)
    DMA1_CH4_5_6_7_IRQHandler                0x080000e7   Thumb Code     0  startup_apm32f072.o(.text)
    EINT0_1_IRQHandler                       0x080000e7   Thumb Code     0  startup_apm32f072.o(.text)
    EINT2_3_IRQHandler                       0x080000e7   Thumb Code     0  startup_apm32f072.o(.text)
    EINT4_15_IRQHandler                      0x080000e7   Thumb Code     0  startup_apm32f072.o(.text)
    FLASH_IRQHandler                         0x080000e7   Thumb Code     0  startup_apm32f072.o(.text)
    I2C1_IRQHandler                          0x080000e7   Thumb Code     0  startup_apm32f072.o(.text)
    I2C2_IRQHandler                          0x080000e7   Thumb Code     0  startup_apm32f072.o(.text)
    PVD_VDDIO2_IRQHandler                    0x080000e7   Thumb Code     0  startup_apm32f072.o(.text)
    RCM_CRS_IRQHandler                       0x080000e7   Thumb Code     0  startup_apm32f072.o(.text)
    RTC_IRQHandler                           0x080000e7   Thumb Code     0  startup_apm32f072.o(.text)
    SPI1_IRQHandler                          0x080000e7   Thumb Code     0  startup_apm32f072.o(.text)
    SPI2_IRQHandler                          0x080000e7   Thumb Code     0  startup_apm32f072.o(.text)
    TMR15_IRQHandler                         0x080000e7   Thumb Code     0  startup_apm32f072.o(.text)
    TMR16_IRQHandler                         0x080000e7   Thumb Code     0  startup_apm32f072.o(.text)
    TMR17_IRQHandler                         0x080000e7   Thumb Code     0  startup_apm32f072.o(.text)
    TMR1_BRK_UP_TRG_COM_IRQHandler           0x080000e7   Thumb Code     0  startup_apm32f072.o(.text)
    TMR1_CC_IRQHandler                       0x080000e7   Thumb Code     0  startup_apm32f072.o(.text)
    TMR2_IRQHandler                          0x080000e7   Thumb Code     0  startup_apm32f072.o(.text)
    TMR3_IRQHandler                          0x080000e7   Thumb Code     0  startup_apm32f072.o(.text)
    TMR6_DAC_IRQHandler                      0x080000e7   Thumb Code     0  startup_apm32f072.o(.text)
    TMR7_IRQHandler                          0x080000e7   Thumb Code     0  startup_apm32f072.o(.text)
    USART1_IRQHandler                        0x080000e7   Thumb Code     0  startup_apm32f072.o(.text)
    USART2_IRQHandler                        0x080000e7   Thumb Code     0  startup_apm32f072.o(.text)
    USART3_4_IRQHandler                      0x080000e7   Thumb Code     0  startup_apm32f072.o(.text)
    WWDT_IRQHandler                          0x080000e7   Thumb Code     0  startup_apm32f072.o(.text)
    __aeabi_uidiv                            0x080000f1   Thumb Code     0  uidiv.o(.text)
    __aeabi_uidivmod                         0x080000f1   Thumb Code    44  uidiv.o(.text)
    __aeabi_idiv                             0x0800011d   Thumb Code     0  idiv.o(.text)
    __aeabi_idivmod                          0x0800011d   Thumb Code    40  idiv.o(.text)
    __aeabi_memset                           0x08000145   Thumb Code    14  memseta.o(.text)
    __aeabi_memset4                          0x08000145   Thumb Code     0  memseta.o(.text)
    __aeabi_memset8                          0x08000145   Thumb Code     0  memseta.o(.text)
    __aeabi_memclr                           0x08000153   Thumb Code     4  memseta.o(.text)
    __aeabi_memclr4                          0x08000153   Thumb Code     0  memseta.o(.text)
    __aeabi_memclr8                          0x08000153   Thumb Code     0  memseta.o(.text)
    _memset$wrapper                          0x08000157   Thumb Code    18  memseta.o(.text)
    strlen                                   0x08000169   Thumb Code    14  strlen.o(.text)
    __scatterload                            0x08000179   Thumb Code    28  init.o(.text)
    __scatterload_rt2                        0x08000179   Thumb Code     0  init.o(.text)
    __decompress                             0x0800019d   Thumb Code     0  __dczerorl2.o(.text)
    __decompress1                            0x0800019d   Thumb Code    86  __dczerorl2.o(.text)
    APM_DelayInit                            0x080001f5   Thumb Code    72  bsp_delay.o(i.APM_DelayInit)
    APM_DelayMs                              0x08000249   Thumb Code    20  bsp_delay.o(i.APM_DelayMs)
    APM_DelayTickDec                         0x08000261   Thumb Code    20  bsp_delay.o(i.APM_DelayTickDec)
    APM_EVAL_COMInit                         0x08000279   Thumb Code   254  board_apm32f072_eval.o(i.APM_EVAL_COMInit)
    APM_EVAL_LEDInit                         0x080003b1   Thumb Code    68  board_apm32f072_eval.o(i.APM_EVAL_LEDInit)
    APM_EVAL_LEDToggle                       0x08000401   Thumb Code    26  board_apm32f072_eval.o(i.APM_EVAL_LEDToggle)
    APM_EVAL_PBInit                          0x08000425   Thumb Code   122  board_apm32f072_eval.o(i.APM_EVAL_PBInit)
    APM_EVAL_TMR14_Init                      0x080004ad   Thumb Code    78  tsc_user.o(i.APM_EVAL_TMR14_Init)
    APM_LCDGPIOInit                          0x08000501   Thumb Code    64  bsp_lcd.o(i.APM_LCDGPIOInit)
    APM_LCDInit                              0x08000549   Thumb Code   548  bsp_lcd.o(i.APM_LCDInit)
    CRS_ConfigSynchronizationSource          0x08000775   Thumb Code    26  apm32f0xx_crs.o(i.CRS_ConfigSynchronizationSource)
    CRS_EnableAutomaticCalibration           0x08000795   Thumb Code    16  apm32f0xx_crs.o(i.CRS_EnableAutomaticCalibration)
    CRS_EnableFrequencyErrorCounter          0x080007a9   Thumb Code    16  apm32f0xx_crs.o(i.CRS_EnableFrequencyErrorCounter)
    EINT_Config                              0x080007bd   Thumb Code   150  apm32f0xx_eint.o(i.EINT_Config)
    GPIO_ClearBit                            0x08000859   Thumb Code     4  apm32f0xx_gpio.o(i.GPIO_ClearBit)
    GPIO_Config                              0x0800085d   Thumb Code   138  apm32f0xx_gpio.o(i.GPIO_Config)
    GPIO_ConfigPinAF                         0x080008e7   Thumb Code    70  apm32f0xx_gpio.o(i.GPIO_ConfigPinAF)
    GPIO_ReadInputBit                        0x0800092d   Thumb Code    20  apm32f0xx_gpio.o(i.GPIO_ReadInputBit)
    GPIO_SetBit                              0x08000941   Thumb Code     4  apm32f0xx_gpio.o(i.GPIO_SetBit)
    HardFault_Handler                        0x08000945   Thumb Code     2  apm32f0xx_int.o(i.HardFault_Handler)
    HidMouse_Proc                            0x08000949   Thumb Code    74  tsc_user.o(i.HidMouse_Proc)
    HidMouse_ReadKey                         0x0800099d   Thumb Code    70  tsc_user.o(i.HidMouse_ReadKey)
    HidMouse_Write                           0x080009e9   Thumb Code    74  tsc_user.o(i.HidMouse_Write)
    LCD_Address_Set                          0x08000a3d   Thumb Code    54  bsp_lcd.o(i.LCD_Address_Set)
    LCD_Clear                                0x08000a73   Thumb Code    70  bsp_lcd.o(i.LCD_Clear)
    LCD_DisplayChar                          0x08000ab9   Thumb Code   324  bsp_lcd.o(i.LCD_DisplayChar)
    LCD_DisplayString                        0x08000c0d   Thumb Code    58  bsp_lcd.o(i.LCD_DisplayString)
    LCD_DrawCircle                           0x08000c47   Thumb Code   156  bsp_lcd.o(i.LCD_DrawCircle)
    LCD_DrawLine                             0x08000ce3   Thumb Code   180  bsp_lcd.o(i.LCD_DrawLine)
    LCD_DrawPoint                            0x08000d97   Thumb Code    28  bsp_lcd.o(i.LCD_DrawPoint)
    LCD_SPIInit                              0x08000db5   Thumb Code   180  bsp_lcd.o(i.LCD_SPIInit)
    LCD_SPIReadWriteByte                     0x08000e71   Thumb Code    70  bsp_lcd.o(i.LCD_SPIReadWriteByte)
    LCD_WriteByte                            0x08000ebd   Thumb Code    12  bsp_lcd.o(i.LCD_WriteByte)
    LCD_WriteData                            0x08000ec9   Thumb Code    28  bsp_lcd.o(i.LCD_WriteData)
    LCD_WriteHalfword                        0x08000ee9   Thumb Code    18  bsp_lcd.o(i.LCD_WriteHalfword)
    LCD_WriteReg                             0x08000efd   Thumb Code    28  bsp_lcd.o(i.LCD_WriteReg)
    Menu_DisplayInit                         0x08000f1d   Thumb Code   414  bsp_lcd.o(i.Menu_DisplayInit)
    Menu_TSCHandler                          0x08001101   Thumb Code   140  tsc_user.o(i.Menu_TSCHandler)
    MyKeys_ProcessErrorState                 0x08001195   Thumb Code     8  tsc_user.o(i.MyKeys_ProcessErrorState)
    MyKeys_ProcessOffState                   0x0800119d   Thumb Code     2  tsc_user.o(i.MyKeys_ProcessOffState)
    NMI_Handler                              0x0800119f   Thumb Code     2  apm32f0xx_int.o(i.NMI_Handler)
    NVIC_EnableIRQRequest                    0x080011a1   Thumb Code    32  apm32f0xx_misc.o(i.NVIC_EnableIRQRequest)
    PendSV_Handler                           0x0800132d   Thumb Code     2  apm32f0xx_int.o(i.PendSV_Handler)
    RCM_ConfigUSBCLK                         0x08001331   Thumb Code    22  apm32f0xx_rcm.o(i.RCM_ConfigUSBCLK)
    RCM_EnableAHBPeriphClock                 0x0800134d   Thumb Code    12  apm32f0xx_rcm.o(i.RCM_EnableAHBPeriphClock)
    RCM_EnableAPB1PeriphClock                0x0800135d   Thumb Code    12  apm32f0xx_rcm.o(i.RCM_EnableAPB1PeriphClock)
    RCM_EnableAPB2PeriphClock                0x0800136d   Thumb Code    12  apm32f0xx_rcm.o(i.RCM_EnableAPB2PeriphClock)
    RCM_EnableHSI48                          0x0800137d   Thumb Code    18  apm32f0xx_rcm.o(i.RCM_EnableHSI48)
    RCM_ReadPCLKFreq                         0x08001395   Thumb Code    38  apm32f0xx_rcm.o(i.RCM_ReadPCLKFreq)
    RCM_ReadSYSCLKFreq                       0x080013c9   Thumb Code   146  apm32f0xx_rcm.o(i.RCM_ReadSYSCLKFreq)
    RCM_ReadUSART1CLKFreq                    0x0800146d   Thumb Code    70  apm32f0xx_rcm.o(i.RCM_ReadUSART1CLKFreq)
    RCM_ReadUSART2CLKFreq                    0x080014bd   Thumb Code    70  apm32f0xx_rcm.o(i.RCM_ReadUSART2CLKFreq)
    SPI_Config                               0x0800150d   Thumb Code   156  apm32f0xx_spi.o(i.SPI_Config)
    SPI_ConfigFIFOThreshold                  0x080015ad   Thumb Code    24  apm32f0xx_spi.o(i.SPI_ConfigFIFOThreshold)
    SPI_ConfigStructInit                     0x080015c5   Thumb Code    32  apm32f0xx_spi.o(i.SPI_ConfigStructInit)
    SPI_Enable                               0x080015e5   Thumb Code    12  apm32f0xx_spi.o(i.SPI_Enable)
    SPI_EnableInternalSlave                  0x080015f1   Thumb Code    14  apm32f0xx_spi.o(i.SPI_EnableInternalSlave)
    SPI_ReadStatusFlag                       0x080015ff   Thumb Code    20  apm32f0xx_spi.o(i.SPI_ReadStatusFlag)
    SPI_TxData8                              0x08001613   Thumb Code     4  apm32f0xx_spi.o(i.SPI_TxData8)
    SVC_Handler                              0x08001617   Thumb Code     2  apm32f0xx_int.o(i.SVC_Handler)
    SoftDelay                                0x08001619   Thumb Code    12  tsc_acq.o(i.SoftDelay)
    SysTick_Handler                          0x08001625   Thumb Code     8  apm32f0xx_int.o(i.SysTick_Handler)
    SystemInit                               0x08001711   Thumb Code   120  system_apm32f0xx.o(i.SystemInit)
    TMR14_IRQHandler                         0x08001799   Thumb Code     8  apm32f0xx_int.o(i.TMR14_IRQHandler)
    TMR14_Isr                                0x080017a1   Thumb Code    90  tsc_user.o(i.TMR14_Isr)
    TMR_ClearIntFlag                         0x0800180d   Thumb Code     6  apm32f0xx_tmr.o(i.TMR_ClearIntFlag)
    TMR_ConfigTimeBase                       0x08001815   Thumb Code   128  apm32f0xx_tmr.o(i.TMR_ConfigTimeBase)
    TMR_Enable                               0x080018ad   Thumb Code    12  apm32f0xx_tmr.o(i.TMR_Enable)
    TMR_EnableInterrupt                      0x080018b9   Thumb Code     8  apm32f0xx_tmr.o(i.TMR_EnableInterrupt)
    TMR_ReadIntFlag                          0x080018c1   Thumb Code    26  apm32f0xx_tmr.o(i.TMR_ReadIntFlag)
    TSC_Acq_CheckNoise                       0x080018db   Thumb Code     4  tsc_acq.o(i.TSC_Acq_CheckNoise)
    TSC_Acq_ComputeDelta                     0x080018df   Thumb Code     8  tsc_acq.o(i.TSC_Acq_ComputeDelta)
    TSC_Acq_ComputeMeas                      0x080018e7   Thumb Code     8  tsc_acq.o(i.TSC_Acq_ComputeMeas)
    TSC_Acq_Config                           0x080018f1   Thumb Code   118  tsc_acq.o(i.TSC_Acq_Config)
    TSC_Acq_ConfigBlock                      0x08001979   Thumb Code   114  tsc_acq.o(i.TSC_Acq_ConfigBlock)
    TSC_Acq_ConfigGPIO                       0x080019f5   Thumb Code   244  tsc_acq.o(i.TSC_Acq_ConfigGPIO)
    TSC_Acq_GPIOA_AF3_H                      0x08001af5   Thumb Code     4  tsc_acq.o(i.TSC_Acq_GPIOA_AF3_H)
    TSC_Acq_GPIOA_AF3_L                      0x08001af9   Thumb Code    32  tsc_acq.o(i.TSC_Acq_GPIOA_AF3_L)
    TSC_Acq_GPIOA_CHANNEL_SHIELD             0x08001b19   Thumb Code    24  tsc_acq.o(i.TSC_Acq_GPIOA_CHANNEL_SHIELD)
    TSC_Acq_GPIOA_SAMPCAP                    0x08001b31   Thumb Code    12  tsc_acq.o(i.TSC_Acq_GPIOA_SAMPCAP)
    TSC_Acq_GPIOB_AF3_H                      0x08001b3d   Thumb Code     4  tsc_acq.o(i.TSC_Acq_GPIOB_AF3_H)
    TSC_Acq_GPIOB_AF3_L                      0x08001b41   Thumb Code     4  tsc_acq.o(i.TSC_Acq_GPIOB_AF3_L)
    TSC_Acq_GPIOB_CHANNEL_SHIELD             0x08001b45   Thumb Code     4  tsc_acq.o(i.TSC_Acq_GPIOB_CHANNEL_SHIELD)
    TSC_Acq_GPIOB_SAMPCAP                    0x08001b49   Thumb Code     4  tsc_acq.o(i.TSC_Acq_GPIOB_SAMPCAP)
    TSC_Acq_GPIOC_CHANNEL_SHIELD             0x08001b4d   Thumb Code     4  tsc_acq.o(i.TSC_Acq_GPIOC_CHANNEL_SHIELD)
    TSC_Acq_GPIOC_SAMPCAP                    0x08001b51   Thumb Code     4  tsc_acq.o(i.TSC_Acq_GPIOC_SAMPCAP)
    TSC_Acq_ReadBlockResult                  0x08001b55   Thumb Code   430  tsc_acq.o(i.TSC_Acq_ReadBlockResult)
    TSC_Acq_ReadMeasurVal                    0x08001d0d   Thumb Code    12  tsc_acq.o(i.TSC_Acq_ReadMeasurVal)
    TSC_Acq_Sampling_Capacitor               0x08001d1d   Thumb Code    12  tsc_acq.o(i.TSC_Acq_Sampling_Capacitor)
    TSC_Acq_Schmitt_Trigger_Hysteresis       0x08001d29   Thumb Code    58  tsc_acq.o(i.TSC_Acq_Schmitt_Trigger_Hysteresis)
    TSC_Acq_StartPerConfigBlock              0x08001d65   Thumb Code    36  tsc_acq.o(i.TSC_Acq_StartPerConfigBlock)
    TSC_Acq_TestFirstReference               0x08001d91   Thumb Code     6  tsc_acq.o(i.TSC_Acq_TestFirstReference)
    TSC_Acq_TestReferenceRange               0x08001d97   Thumb Code     6  tsc_acq.o(i.TSC_Acq_TestReferenceRange)
    TSC_Acq_UseFilter                        0x08001d9d   Thumb Code     6  tsc_acq.o(i.TSC_Acq_UseFilter)
    TSC_Acq_WaitBlockEOA                     0x08001da5   Thumb Code    32  tsc_acq.o(i.TSC_Acq_WaitBlockEOA)
    TSC_Config                               0x08001dc9   Thumb Code    28  tsc.o(i.TSC_Config)
    TSC_DetectHandler                        0x08001de9   Thumb Code   124  tsc_user.o(i.TSC_DetectHandler)
    TSC_Dxs_FirstObj                         0x08001e71   Thumb Code     2  tsc_dxs.o(i.TSC_Dxs_FirstObj)
    TSC_Ecs_CalculateK                       0x08001e75   Thumb Code   204  tsc_ecs.o(i.TSC_Ecs_CalculateK)
    TSC_Ecs_Process                          0x08001f45   Thumb Code   144  tsc_ecs.o(i.TSC_Ecs_Process)
    TSC_Ecs_ProcessK                         0x08001fdd   Thumb Code   216  tsc_ecs.o(i.TSC_Ecs_ProcessK)
    TSC_IRQHandler                           0x080020bd   Thumb Code    20  apm32f0xx_int.o(i.TSC_IRQHandler)
    TSC_Obj_ConfigGlobalObj                  0x080020d9   Thumb Code    28  tsc_object.o(i.TSC_Obj_ConfigGlobalObj)
    TSC_Obj_ConfigGroup                      0x080020f9   Thumb Code   116  tsc_object.o(i.TSC_Obj_ConfigGroup)
    TSC_Obj_ProcessGroup                     0x08002171   Thumb Code   116  tsc_object.o(i.TSC_Obj_ProcessGroup)
    TSC_ReleaseHandler                       0x080021e9   Thumb Code   122  tsc_user.o(i.TSC_ReleaseHandler)
    TSC_Time_Config                          0x0800226d   Thumb Code    66  tsc_time.o(i.TSC_Time_Config)
    TSC_Time_Delay_ms                        0x080022bd   Thumb Code   106  tsc_time.o(i.TSC_Time_Delay_ms)
    TSC_TouchKey_Config                      0x08002331   Thumb Code   100  tsc_touchkey.o(i.TSC_TouchKey_Config)
    TSC_TouchKey_ConfigCalibrationState      0x08002399   Thumb Code   126  tsc_touchkey.o(i.TSC_TouchKey_ConfigCalibrationState)
    TSC_TouchKey_ConfigOffState              0x08002425   Thumb Code    56  tsc_touchkey.o(i.TSC_TouchKey_ConfigOffState)
    TSC_TouchKey_Process                     0x08002461   Thumb Code   152  tsc_touchkey.o(i.TSC_TouchKey_Process)
    TSC_TouchKey_ProcessCalibrationState     0x080024fd   Thumb Code   284  tsc_touchkey.o(i.TSC_TouchKey_ProcessCalibrationState)
    TSC_TouchKey_ProcessDebCalibrationState  0x08002625   Thumb Code   118  tsc_touchkey.o(i.TSC_TouchKey_ProcessDebCalibrationState)
    TSC_TouchKey_ProcessDebDetectState       0x080026a1   Thumb Code   194  tsc_touchkey.o(i.TSC_TouchKey_ProcessDebDetectState)
    TSC_TouchKey_ProcessDebErrorState        0x08002769   Thumb Code   180  tsc_touchkey.o(i.TSC_TouchKey_ProcessDebErrorState)
    TSC_TouchKey_ProcessDebProxDetectState   0x08002821   Thumb Code   196  tsc_touchkey.o(i.TSC_TouchKey_ProcessDebProxDetectState)
    TSC_TouchKey_ProcessDebProxState         0x080028e9   Thumb Code   196  tsc_touchkey.o(i.TSC_TouchKey_ProcessDebProxState)
    TSC_TouchKey_ProcessDebProxTouchState    0x080029b1   Thumb Code   196  tsc_touchkey.o(i.TSC_TouchKey_ProcessDebProxTouchState)
    TSC_TouchKey_ProcessDebReleaseDetectState 0x08002a79   Thumb Code   156  tsc_touchkey.o(i.TSC_TouchKey_ProcessDebReleaseDetectState)
    TSC_TouchKey_ProcessDebReleaseProxState  0x08002b19   Thumb Code   120  tsc_touchkey.o(i.TSC_TouchKey_ProcessDebReleaseProxState)
    TSC_TouchKey_ProcessDebReleaseTouchState 0x08002b95   Thumb Code   156  tsc_touchkey.o(i.TSC_TouchKey_ProcessDebReleaseTouchState)
    TSC_TouchKey_ProcessDetectState          0x08002c35   Thumb Code   224  tsc_touchkey.o(i.TSC_TouchKey_ProcessDetectState)
    TSC_TouchKey_ProcessProxState            0x08002d19   Thumb Code   224  tsc_touchkey.o(i.TSC_TouchKey_ProcessProxState)
    TSC_TouchKey_ProcessReleaseState         0x08002dfd   Thumb Code   296  tsc_touchkey.o(i.TSC_TouchKey_ProcessReleaseState)
    TSC_TouchKey_ProcessTouchState           0x08002f29   Thumb Code   224  tsc_touchkey.o(i.TSC_TouchKey_ProcessTouchState)
    TSC_TouchKey_ReadStateMask               0x0800300d   Thumb Code    32  tsc_touchkey.o(i.TSC_TouchKey_ReadStateMask)
    TSC_User_Action                          0x08003031   Thumb Code   138  tsc_user.o(i.TSC_User_Action)
    TSC_User_Config                          0x080030d1   Thumb Code    20  tsc_user.o(i.TSC_User_Config)
    TSC_User_Thresholds                      0x080030ed   Thumb Code     2  tsc_user.o(i.TSC_User_Thresholds)
    USART_Config                             0x080030f1   Thumb Code   154  apm32f0xx_usart.o(i.USART_Config)
    USART_Enable                             0x080031a1   Thumb Code    12  apm32f0xx_usart.o(i.USART_Enable)
    USART_EnableInterrupt                    0x080031ad   Thumb Code    74  apm32f0xx_usart.o(i.USART_EnableInterrupt)
    USART_ReadStatusFlag                     0x080031f7   Thumb Code    18  apm32f0xx_usart.o(i.USART_ReadStatusFlag)
    USART_TxData                             0x08003209   Thumb Code     8  apm32f0xx_usart.o(i.USART_TxData)
    USBD_ClearIntFlag                        0x08003211   Thumb Code     8  apm32f0xx_usb.o(i.USBD_ClearIntFlag)
    USBD_ClockInit                           0x08003219   Thumb Code   252  usbd_board.o(i.USBD_ClockInit)
    USBD_Config                              0x0800331d   Thumb Code   204  apm32f0xx_usb_device.o(i.USBD_Config)
    USBD_ConfigEP                            0x080033e9   Thumb Code   316  apm32f0xx_usb.o(i.USBD_ConfigEP)
    USBD_ConfigLinkPowerMode                 0x08003525   Thumb Code    68  apm32f0xx_usb_device.o(i.USBD_ConfigLinkPowerMode)
    USBD_ConfigPMA                           0x08003569   Thumb Code    64  apm32f0xx_usb_device.o(i.USBD_ConfigPMA)
    USBD_CtrlReceiveData                     0x080035a9   Thumb Code    26  usbd_dataxfer.o(i.USBD_CtrlReceiveData)
    USBD_CtrlReceiveStatus                   0x080035c3   Thumb Code    26  usbd_dataxfer.o(i.USBD_CtrlReceiveStatus)
    USBD_CtrlSendData                        0x080035dd   Thumb Code    34  usbd_dataxfer.o(i.USBD_CtrlSendData)
    USBD_CtrlSendNextData                    0x080035ff   Thumb Code    26  usbd_dataxfer.o(i.USBD_CtrlSendNextData)
    USBD_CtrlSendStatus                      0x08003619   Thumb Code    26  usbd_dataxfer.o(i.USBD_CtrlSendStatus)
    USBD_DataInStage                         0x08003695   Thumb Code   244  usbd_core.o(i.USBD_DataInStage)
    USBD_DataInStageCallback                 0x08003789   Thumb Code    34  usbd_board.o(i.USBD_DataInStageCallback)
    USBD_DataOutStage                        0x080037ab   Thumb Code   256  usbd_core.o(i.USBD_DataOutStage)
    USBD_DataOutStageCallback                0x080038ab   Thumb Code    34  usbd_board.o(i.USBD_DataOutStageCallback)
    USBD_DisableAckLPM                       0x080038e9   Thumb Code    16  apm32f0xx_usb.o(i.USBD_DisableAckLPM)
    USBD_DisableInterrupt                    0x080038fd   Thumb Code    12  apm32f0xx_usb.o(i.USBD_DisableInterrupt)
    USBD_DisableLPM                          0x0800390d   Thumb Code    10  apm32f0xx_usb.o(i.USBD_DisableLPM)
    USBD_EP_ClearStall                       0x08003bd5   Thumb Code   136  apm32f0xx_usb_device.o(i.USBD_EP_ClearStall)
    USBD_EP_ClearStallCallback               0x08003c5d   Thumb Code    26  usbd_board.o(i.USBD_EP_ClearStallCallback)
    USBD_EP_Close                            0x08003c77   Thumb Code    96  apm32f0xx_usb_device.o(i.USBD_EP_Close)
    USBD_EP_CloseCallback                    0x08003cd7   Thumb Code    22  usbd_board.o(i.USBD_EP_CloseCallback)
    USBD_EP_Open                             0x08003fb1   Thumb Code   188  apm32f0xx_usb_device.o(i.USBD_EP_Open)
    USBD_EP_OpenCallback                     0x0800406d   Thumb Code    30  usbd_board.o(i.USBD_EP_OpenCallback)
    USBD_EP_ReadDir                          0x0800408b   Thumb Code    10  apm32f0xx_usb.o(i.USBD_EP_ReadDir)
    USBD_EP_ReadID                           0x08004095   Thumb Code    10  apm32f0xx_usb.o(i.USBD_EP_ReadID)
    USBD_EP_ReadPacketData                   0x080040a1   Thumb Code    46  apm32f0xx_usb.o(i.USBD_EP_ReadPacketData)
    USBD_EP_ReadRxAddrPointer                0x080040d5   Thumb Code    18  apm32f0xx_usb.o(i.USBD_EP_ReadRxAddrPointer)
    USBD_EP_ReadRxCnt                        0x080040f1   Thumb Code    22  apm32f0xx_usb.o(i.USBD_EP_ReadRxCnt)
    USBD_EP_ReadRxCntPointer                 0x08004109   Thumb Code    18  apm32f0xx_usb.o(i.USBD_EP_ReadRxCntPointer)
    USBD_EP_ReadStallStatus                  0x08004125   Thumb Code    48  apm32f0xx_usb_device.o(i.USBD_EP_ReadStallStatus)
    USBD_EP_ReadStallStatusCallback          0x08004155   Thumb Code    22  usbd_board.o(i.USBD_EP_ReadStallStatusCallback)
    USBD_EP_ReadStatus                       0x0800416b   Thumb Code    10  apm32f0xx_usb.o(i.USBD_EP_ReadStatus)
    USBD_EP_ReadTxAddrPointer                0x08004175   Thumb Code    16  apm32f0xx_usb.o(i.USBD_EP_ReadTxAddrPointer)
    USBD_EP_ReadTxCnt                        0x0800418d   Thumb Code    22  apm32f0xx_usb.o(i.USBD_EP_ReadTxCnt)
    USBD_EP_ReadTxCntPointer                 0x080041a5   Thumb Code    18  apm32f0xx_usb.o(i.USBD_EP_ReadTxCntPointer)
    USBD_EP_Receive                          0x080041c1   Thumb Code   114  apm32f0xx_usb_device.o(i.USBD_EP_Receive)
    USBD_EP_ReceiveCallback                  0x08004233   Thumb Code    36  usbd_board.o(i.USBD_EP_ReceiveCallback)
    USBD_EP_ResetKind                        0x08004259   Thumb Code    34  apm32f0xx_usb.o(i.USBD_EP_ResetKind)
    USBD_EP_ResetRxFlag                      0x08004281   Thumb Code    34  apm32f0xx_usb.o(i.USBD_EP_ResetRxFlag)
    USBD_EP_ResetRxToggle                    0x080042a9   Thumb Code    28  apm32f0xx_usb.o(i.USBD_EP_ResetRxToggle)
    USBD_EP_ResetTxFlag                      0x080042c5   Thumb Code    32  apm32f0xx_usb.o(i.USBD_EP_ResetTxFlag)
    USBD_EP_ResetTxToggle                    0x080042e9   Thumb Code    28  apm32f0xx_usb.o(i.USBD_EP_ResetTxToggle)
    USBD_EP_SetAddr                          0x08004305   Thumb Code    38  apm32f0xx_usb.o(i.USBD_EP_SetAddr)
    USBD_EP_SetBuffer0RxCnt                  0x08004331   Thumb Code   126  apm32f0xx_usb.o(i.USBD_EP_SetBuffer0RxCnt)
    USBD_EP_SetBuffer0TxCnt                  0x080043b5   Thumb Code    26  apm32f0xx_usb.o(i.USBD_EP_SetBuffer0TxCnt)
    USBD_EP_SetKind                          0x080043d1   Thumb Code    34  apm32f0xx_usb.o(i.USBD_EP_SetKind)
    USBD_EP_SetRxAddr                        0x080043f9   Thumb Code    24  apm32f0xx_usb.o(i.USBD_EP_SetRxAddr)
    USBD_EP_SetRxCnt                         0x08004411   Thumb Code   126  apm32f0xx_usb.o(i.USBD_EP_SetRxCnt)
    USBD_EP_SetRxStatus                      0x08004495   Thumb Code    38  apm32f0xx_usb.o(i.USBD_EP_SetRxStatus)
    USBD_EP_SetTxAddr                        0x080044c1   Thumb Code    24  apm32f0xx_usb.o(i.USBD_EP_SetTxAddr)
    USBD_EP_SetTxCnt                         0x080044d9   Thumb Code    26  apm32f0xx_usb.o(i.USBD_EP_SetTxCnt)
    USBD_EP_SetTxStatus                      0x080044f5   Thumb Code    38  apm32f0xx_usb.o(i.USBD_EP_SetTxStatus)
    USBD_EP_SetType                          0x08004521   Thumb Code    42  apm32f0xx_usb.o(i.USBD_EP_SetType)
    USBD_EP_Stall                            0x08004551   Thumb Code   108  apm32f0xx_usb_device.o(i.USBD_EP_Stall)
    USBD_EP_StallCallback                    0x080045bd   Thumb Code    26  usbd_board.o(i.USBD_EP_StallCallback)
    USBD_EP_ToggleRx                         0x080045d9   Thumb Code    34  apm32f0xx_usb.o(i.USBD_EP_ToggleRx)
    USBD_EP_ToggleTx                         0x08004601   Thumb Code    32  apm32f0xx_usb.o(i.USBD_EP_ToggleTx)
    USBD_EP_Transfer                         0x08004625   Thumb Code   132  apm32f0xx_usb_device.o(i.USBD_EP_Transfer)
    USBD_EP_TransferCallback                 0x080046a9   Thumb Code    36  usbd_board.o(i.USBD_EP_TransferCallback)
    USBD_EP_WritePacketData                  0x080046cd   Thumb Code    38  apm32f0xx_usb.o(i.USBD_EP_WritePacketData)
    USBD_EP_XferStart                        0x080046f9   Thumb Code  1646  apm32f0xx_usb_device.o(i.USBD_EP_XferStart)
    USBD_Enable                              0x08004d67   Thumb Code    12  apm32f0xx_usb.o(i.USBD_Enable)
    USBD_EnableAckLPM                        0x08004d75   Thumb Code    18  apm32f0xx_usb.o(i.USBD_EnableAckLPM)
    USBD_EnableInterrupt                     0x08004d8d   Thumb Code    12  apm32f0xx_usb.o(i.USBD_EnableInterrupt)
    USBD_EnableLPM                           0x08004d9d   Thumb Code    12  apm32f0xx_usb.o(i.USBD_EnableLPM)
    USBD_EnablePullUpDP                      0x08004da9   Thumb Code    14  apm32f0xx_usb.o(i.USBD_EnablePullUpDP)
    USBD_EnumDoneCallback                    0x08004db7   Thumb Code    48  usbd_board.o(i.USBD_EnumDoneCallback)
    USBD_HID_TxReport                        0x08005269   Thumb Code    70  usbd_hid.o(i.USBD_HID_TxReport)
    USBD_HandleSOF                           0x080052af   Thumb Code    38  usbd_core.o(i.USBD_HandleSOF)
    USBD_HardwareInit                        0x080052d5   Thumb Code   106  usbd_board.o(i.USBD_HardwareInit)
    USBD_IRQHandler                          0x08005351   Thumb Code    10  apm32f0xx_int.o(i.USBD_IRQHandler)
    USBD_Init                                0x08005361   Thumb Code    72  usbd_core.o(i.USBD_Init)
    USBD_IsrHandler                          0x080053a9   Thumb Code   350  apm32f0xx_usb_device.o(i.USBD_IsrHandler)
    USBD_LpmModeCallback                     0x08005507   Thumb Code     2  apm32f0xx_usb_device.o(i.USBD_LpmModeCallback)
    USBD_REQ_CtrlError                       0x0800556b   Thumb Code    28  usbd_stdreq.o(i.USBD_REQ_CtrlError)
    USBD_ReadBESL                            0x08005aa1   Thumb Code    10  apm32f0xx_usb.o(i.USBD_ReadBESL)
    USBD_ReadIntFlag                         0x08005aab   Thumb Code    18  apm32f0xx_usb.o(i.USBD_ReadIntFlag)
    USBD_Reset                               0x08005abd   Thumb Code   126  usbd_core.o(i.USBD_Reset)
    USBD_ResetEP                             0x08005b3b   Thumb Code   156  apm32f0xx_usb.o(i.USBD_ResetEP)
    USBD_ResetForceReset                     0x08005bd7   Thumb Code    10  apm32f0xx_usb.o(i.USBD_ResetForceReset)
    USBD_ResetForceSuspend                   0x08005be1   Thumb Code    10  apm32f0xx_usb.o(i.USBD_ResetForceSuspend)
    USBD_ResetLowerPowerMode                 0x08005beb   Thumb Code    10  apm32f0xx_usb.o(i.USBD_ResetLowerPowerMode)
    USBD_Resume                              0x08005bf5   Thumb Code    34  usbd_core.o(i.USBD_Resume)
    USBD_ResumeCallback                      0x08005c19   Thumb Code    40  usbd_board.o(i.USBD_ResumeCallback)
    USBD_SOFCallback                         0x08005c45   Thumb Code    18  usbd_board.o(i.USBD_SOFCallback)
    USBD_SetDevAddress                       0x08005c57   Thumb Code    34  apm32f0xx_usb_device.o(i.USBD_SetDevAddress)
    USBD_SetDevAddressCallback               0x08005c79   Thumb Code    26  usbd_board.o(i.USBD_SetDevAddressCallback)
    USBD_SetDeviceAddr                       0x08005c93   Thumb Code    16  apm32f0xx_usb.o(i.USBD_SetDeviceAddr)
    USBD_SetForceReset                       0x08005ca3   Thumb Code    12  apm32f0xx_usb.o(i.USBD_SetForceReset)
    USBD_SetForceSuspend                     0x08005caf   Thumb Code    12  apm32f0xx_usb.o(i.USBD_SetForceSuspend)
    USBD_SetLowerPowerMode                   0x08005cbb   Thumb Code    12  apm32f0xx_usb.o(i.USBD_SetLowerPowerMode)
    USBD_SetSpeed                            0x08005cc7   Thumb Code    20  usbd_core.o(i.USBD_SetSpeed)
    USBD_SetupStage                          0x08005cdd   Thumb Code  1074  usbd_core.o(i.USBD_SetupStage)
    USBD_SetupStageCallback                  0x08006115   Thumb Code    24  usbd_board.o(i.USBD_SetupStageCallback)
    USBD_Start                               0x0800612d   Thumb Code    26  apm32f0xx_usb_device.o(i.USBD_Start)
    USBD_StartCallback                       0x0800614d   Thumb Code    18  usbd_board.o(i.USBD_StartCallback)
    USBD_Suspend                             0x0800615f   Thumb Code    32  usbd_core.o(i.USBD_Suspend)
    USBD_SuspendCallback                     0x08006181   Thumb Code    36  usbd_board.o(i.USBD_SuspendCallback)
    USBD_TestModeHandler                     0x0800621b   Thumb Code     6  usbd_core.o(i.USBD_TestModeHandler)
    USBH_SetupReqParse                       0x08006221   Thumb Code    40  usbd_dataxfer.o(i.USBH_SetupReqParse)
    USB_DeviceInit                           0x0800627d   Thumb Code    20  usb_device_user.o(i.USB_DeviceInit)
    __0printf$bare                           0x080062a1   Thumb Code    12  printfb.o(i.__0printf$bare)
    __1printf$bare                           0x080062a1   Thumb Code     0  printfb.o(i.__0printf$bare)
    __2printf                                0x080062a1   Thumb Code     0  printfb.o(i.__0printf$bare)
    __ARM_common_switch8                     0x080062b5   Thumb Code    28  tsc_user.o(i.__ARM_common_switch8)
    __scatterload_copy                       0x080062d1   Thumb Code    14  handlers.o(i.__scatterload_copy)
    __scatterload_null                       0x080062df   Thumb Code     2  handlers.o(i.__scatterload_null)
    __scatterload_zeroinit                   0x080062e1   Thumb Code    14  handlers.o(i.__scatterload_zeroinit)
    fputc                                    0x0800630d   Thumb Code    32  main.o(i.fputc)
    free                                     0x08006331   Thumb Code    80  malloc.o(i.free)
    main                                     0x08006385   Thumb Code   146  main.o(i.main)
    malloc                                   0x08006441   Thumb Code    92  malloc.o(i.malloc)
    MyChannels_Src                           0x080064ac   Data          60  tsc_user.o(.constdata)
    MyChannels_Dest                          0x080064e8   Data          10  tsc_user.o(.constdata)
    MyBlocks                                 0x080064f4   Data          72  tsc_user.o(.constdata)
    MyKeys_StateMachine                      0x0800653c   Data         160  tsc_user.o(.constdata)
    MyKeys_Methods                           0x080065dc   Data           8  tsc_user.o(.constdata)
    MyTouchKeys                              0x080065e4   Data         100  tsc_user.o(.constdata)
    MyObjects                                0x08006648   Data          40  tsc_user.o(.constdata)
    GPIO_PIN                                 0x08006670   Data           8  board_apm32f072_eval.o(.constdata)
    GPIO_CLK                                 0x08006678   Data          16  board_apm32f072_eval.o(.constdata)
    BUTTON_PIN                               0x08006688   Data           8  board_apm32f072_eval.o(.constdata)
    BUTTON_CLK                               0x08006690   Data          16  board_apm32f072_eval.o(.constdata)
    COM_USART_CLK                            0x080066a0   Data           8  board_apm32f072_eval.o(.constdata)
    COM_TX_PORT_CLK                          0x080066a8   Data           8  board_apm32f072_eval.o(.constdata)
    COM_RX_PORT_CLK                          0x080066b0   Data           8  board_apm32f072_eval.o(.constdata)
    COM_TX_PIN                               0x080066b8   Data           4  board_apm32f072_eval.o(.constdata)
    COM_RX_PIN                               0x080066bc   Data           4  board_apm32f072_eval.o(.constdata)
    COM_TX_PIN_SOURCE                        0x080066c0   Data           2  board_apm32f072_eval.o(.constdata)
    COM_RX_PIN_SOURCE                        0x080066c2   Data           2  board_apm32f072_eval.o(.constdata)
    COM_TX_AF                                0x080066c4   Data           2  board_apm32f072_eval.o(.constdata)
    COM_RX_AF                                0x080066c6   Data           2  board_apm32f072_eval.o(.constdata)
    asciiFont_1206                           0x080066c8   Data        1140  bsp_lcd.o(.constdata)
    asciiFont_1608                           0x08006b3c   Data        1520  bsp_lcd.o(.constdata)
    asciiFont_2412                           0x0800712c   Data        4560  bsp_lcd.o(.constdata)
    asciiFont_3216                           0x080082fc   Data        6080  bsp_lcd.o(.constdata)
    Region$$Table$$Base                      0x08009b88   Number         0  anon$$obj.o(Region$$Table)
    Region$$Table$$Limit                     0x08009ba8   Number         0  anon$$obj.o(Region$$Table)
    cnt50ms                                  0x20000000   Data           1  tsc_user.o(.data)
    taskFlag                                 0x20000001   Data           1  tsc_user.o(.data)
    tscPressStatus                           0x20000002   Data           1  tsc_user.o(.data)
    cntTick                                  0x20000004   Data           2  tsc_user.o(.data)
    keyRecord                                0x20000006   Data           1  tsc_user.o(.data)
    tscPressRecord                           0x20000007   Data           1  tsc_user.o(.data)
    MyObjGroup                               0x20000008   Data          16  tsc_user.o(.data)
    TSC_Params                               0x20000018   Data          16  tsc_user.o(.data)
    Global_ECS_last_tick                     0x20000028   Data           2  tsc_user.o(.data)
    Global_EOA                               0x2000002c   Data           4  tsc_user.o(.data)
    Global_ProcessSensor                     0x20000030   Data           4  tsc_user.o(.data)
    GPIO_PORT                                0x2000003c   Data          16  board_apm32f072_eval.o(.data)
    BUTTON_PORT                              0x2000004c   Data          16  board_apm32f072_eval.o(.data)
    COM_USART                                0x2000005c   Data           8  board_apm32f072_eval.o(.data)
    COM_TX_PORT                              0x20000064   Data           8  board_apm32f072_eval.o(.data)
    COM_RX_PORT                              0x2000006c   Data           8  board_apm32f072_eval.o(.data)
    delayTick                                0x20000074   Data           4  bsp_delay.o(.data)
    menuTitleStr                             0x20000078   Data           4  bsp_lcd.o(.data)
    menuItemStr                              0x2000007c   Data          16  bsp_lcd.o(.data)
    menuBottomColStr                         0x2000008c   Data           4  bsp_lcd.o(.data)
    gUsbDevAppStatus                         0x20000090   Data           1  usb_device_user.o(.data)
    USBD_DESC_FS                             0x20000094   Data          44  usbd_descriptor.o(.data)
    USBD_DeviceDesc                          0x200000c0   Data          18  usbd_descriptor.o(.data)
    USBD_ConfigDesc                          0x200000d2   Data          41  usbd_descriptor.o(.data)
    USBD_OtherSpeedCfgDesc                   0x200000fb   Data          41  usbd_descriptor.o(.data)
    USBD_SerialStrDesc                       0x20000124   Data          26  usbd_descriptor.o(.data)
    USBD_LandIDStrDesc                       0x2000013e   Data           4  usbd_descriptor.o(.data)
    USBD_DevQualifierDesc                    0x20000142   Data          10  usbd_descriptor.o(.data)
    SystemCoreClock                          0x2000014c   Data           4  system_apm32f0xx.o(.data)
    USBD_StdDevReqHandler                    0x20000150   Data          52  usbd_stdreq.o(.data)
    USBD_HID_CLASS                           0x20000188   Data          48  usbd_hid.o(.data)
    USBD_HIDDesc                             0x200001b8   Data           9  usbd_hid.o(.data)
    USBD_HIDReportDesc                       0x200001c1   Data          63  usbd_hid.o(.data)
    DelayDischarge                           0x20000200   Data           4  tsc_acq.o(.data)
    __stdout                                 0x2000020c   Data           4  stdout.o(.data)
    __microlib_freelist                      0x20000210   Data           4  mvars.o(.data)
    __microlib_freelist_initialised          0x20000214   Data           4  mvars.o(.data)
    MyChannels_Data                          0x20000218   Data          60  tsc_user.o(.bss)
    MyKeys_Data                              0x20000254   Data          20  tsc_user.o(.bss)
    MyKeys_Param                             0x20000268   Data          50  tsc_user.o(.bss)
    gUsbDeviceFS                             0x2000029c   Data         712  usb_device_user.o(.bss)
    usbDeviceHandler                         0x20000564   Data         796  usbd_board.o(.bss)
    TSC_Globals                              0x20000880   Data          20  tsc.o(.bss)
    __heap_base                              0x20000898   Data           0  startup_apm32f072.o(HEAP)
    __heap_limit                             0x20001098   Data           0  startup_apm32f072.o(HEAP)
    __initial_sp                             0x20001498   Data           0  startup_apm32f072.o(STACK)



==============================================================================

Memory Map of the image

  Image Entry point : 0x080000c1

  Load Region LR_IROM1 (Base: 0x08000000, Size: 0x00009dc0, Max: 0x00020000, ABSOLUTE, COMPRESSED[0x00009ce4])

    Execution Region ER_IROM1 (Exec base: 0x08000000, Load base: 0x08000000, Size: 0x00009ba8, Max: 0x00020000, ABSOLUTE)

    Exec Addr    Load Addr    Size         Type   Attr      Idx    E Section Name        Object

    0x08000000   0x08000000   0x000000c0   Data   RO          948    RESET               startup_apm32f072.o
    0x080000c0   0x080000c0   0x00000000   Code   RO         7146  * .ARM.Collect$$$$00000000  mc_p.l(entry.o)
    0x080000c0   0x080000c0   0x00000004   Code   RO         7449    .ARM.Collect$$$$00000001  mc_p.l(entry2.o)
    0x080000c4   0x080000c4   0x00000004   Code   RO         7452    .ARM.Collect$$$$00000004  mc_p.l(entry5.o)
    0x080000c8   0x080000c8   0x00000000   Code   RO         7454    .ARM.Collect$$$$00000008  mc_p.l(entry7b.o)
    0x080000c8   0x080000c8   0x00000000   Code   RO         7456    .ARM.Collect$$$$0000000A  mc_p.l(entry8b.o)
    0x080000c8   0x080000c8   0x00000008   Code   RO         7457    .ARM.Collect$$$$0000000B  mc_p.l(entry9a.o)
    0x080000d0   0x080000d0   0x00000000   Code   RO         7459    .ARM.Collect$$$$0000000D  mc_p.l(entry10a.o)
    0x080000d0   0x080000d0   0x00000000   Code   RO         7461    .ARM.Collect$$$$0000000F  mc_p.l(entry11a.o)
    0x080000d0   0x080000d0   0x00000004   Code   RO         7450    .ARM.Collect$$$$00002712  mc_p.l(entry2.o)
    0x080000d4   0x080000d4   0x0000001c   Code   RO          949    .text               startup_apm32f072.o
    0x080000f0   0x080000f0   0x0000002c   Code   RO         7149    .text               mc_p.l(uidiv.o)
    0x0800011c   0x0800011c   0x00000028   Code   RO         7151    .text               mc_p.l(idiv.o)
    0x08000144   0x08000144   0x00000024   Code   RO         7153    .text               mc_p.l(memseta.o)
    0x08000168   0x08000168   0x0000000e   Code   RO         7155    .text               mc_p.l(strlen.o)
    0x08000176   0x08000176   0x00000002   PAD
    0x08000178   0x08000178   0x00000024   Code   RO         7483    .text               mc_p.l(init.o)
    0x0800019c   0x0800019c   0x00000056   Code   RO         7503    .text               mc_p.l(__dczerorl2.o)
    0x080001f2   0x080001f2   0x00000002   PAD
    0x080001f4   0x080001f4   0x00000054   Code   RO          316    i.APM_DelayInit     bsp_delay.o
    0x08000248   0x08000248   0x00000018   Code   RO          317    i.APM_DelayMs       bsp_delay.o
    0x08000260   0x08000260   0x00000018   Code   RO          318    i.APM_DelayTickDec  bsp_delay.o
    0x08000278   0x08000278   0x00000138   Code   RO          243    i.APM_EVAL_COMInit  board_apm32f072_eval.o
    0x080003b0   0x080003b0   0x00000050   Code   RO          244    i.APM_EVAL_LEDInit  board_apm32f072_eval.o
    0x08000400   0x08000400   0x00000024   Code   RO          247    i.APM_EVAL_LEDToggle  board_apm32f072_eval.o
    0x08000424   0x08000424   0x00000088   Code   RO          249    i.APM_EVAL_PBInit   board_apm32f072_eval.o
    0x080004ac   0x080004ac   0x00000054   Code   RO           64    i.APM_EVAL_TMR14_Init  tsc_user.o
    0x08000500   0x08000500   0x00000048   Code   RO          359    i.APM_LCDGPIOInit   bsp_lcd.o
    0x08000548   0x08000548   0x0000022c   Code   RO          360    i.APM_LCDInit       bsp_lcd.o
    0x08000774   0x08000774   0x00000020   Code   RO         1790    i.CRS_ConfigSynchronizationSource  apm32f0xx_crs.o
    0x08000794   0x08000794   0x00000014   Code   RO         1794    i.CRS_EnableAutomaticCalibration  apm32f0xx_crs.o
    0x080007a8   0x080007a8   0x00000014   Code   RO         1795    i.CRS_EnableFrequencyErrorCounter  apm32f0xx_crs.o
    0x080007bc   0x080007bc   0x0000009c   Code   RO         2253    i.EINT_Config       apm32f0xx_eint.o
    0x08000858   0x08000858   0x00000004   Code   RO         2531    i.GPIO_ClearBit     apm32f0xx_gpio.o
    0x0800085c   0x0800085c   0x0000008a   Code   RO         2532    i.GPIO_Config       apm32f0xx_gpio.o
    0x080008e6   0x080008e6   0x00000046   Code   RO         2533    i.GPIO_ConfigPinAF  apm32f0xx_gpio.o
    0x0800092c   0x0800092c   0x00000014   Code   RO         2536    i.GPIO_ReadInputBit  apm32f0xx_gpio.o
    0x08000940   0x08000940   0x00000004   Code   RO         2541    i.GPIO_SetBit       apm32f0xx_gpio.o
    0x08000944   0x08000944   0x00000002   Code   RO          556    i.HardFault_Handler  apm32f0xx_int.o
    0x08000946   0x08000946   0x00000002   PAD
    0x08000948   0x08000948   0x00000054   Code   RO           65    i.HidMouse_Proc     tsc_user.o
    0x0800099c   0x0800099c   0x0000004c   Code   RO           66    i.HidMouse_ReadKey  tsc_user.o
    0x080009e8   0x080009e8   0x00000054   Code   RO           67    i.HidMouse_Write    tsc_user.o
    0x08000a3c   0x08000a3c   0x00000036   Code   RO          361    i.LCD_Address_Set   bsp_lcd.o
    0x08000a72   0x08000a72   0x00000046   Code   RO          363    i.LCD_Clear         bsp_lcd.o
    0x08000ab8   0x08000ab8   0x00000154   Code   RO          364    i.LCD_DisplayChar   bsp_lcd.o
    0x08000c0c   0x08000c0c   0x0000003a   Code   RO          367    i.LCD_DisplayString  bsp_lcd.o
    0x08000c46   0x08000c46   0x0000009c   Code   RO          368    i.LCD_DrawCircle    bsp_lcd.o
    0x08000ce2   0x08000ce2   0x000000b4   Code   RO          370    i.LCD_DrawLine      bsp_lcd.o
    0x08000d96   0x08000d96   0x0000001c   Code   RO          371    i.LCD_DrawPoint     bsp_lcd.o
    0x08000db2   0x08000db2   0x00000002   PAD
    0x08000db4   0x08000db4   0x000000bc   Code   RO          372    i.LCD_SPIInit       bsp_lcd.o
    0x08000e70   0x08000e70   0x0000004c   Code   RO          373    i.LCD_SPIReadWriteByte  bsp_lcd.o
    0x08000ebc   0x08000ebc   0x0000000c   Code   RO          374    i.LCD_WriteByte     bsp_lcd.o
    0x08000ec8   0x08000ec8   0x00000020   Code   RO          375    i.LCD_WriteData     bsp_lcd.o
    0x08000ee8   0x08000ee8   0x00000012   Code   RO          376    i.LCD_WriteHalfword  bsp_lcd.o
    0x08000efa   0x08000efa   0x00000002   PAD
    0x08000efc   0x08000efc   0x00000020   Code   RO          377    i.LCD_WriteReg      bsp_lcd.o
    0x08000f1c   0x08000f1c   0x000001e4   Code   RO          378    i.Menu_DisplayInit  bsp_lcd.o
    0x08001100   0x08001100   0x00000094   Code   RO           68    i.Menu_TSCHandler   tsc_user.o
    0x08001194   0x08001194   0x00000008   Code   RO           69    i.MyKeys_ProcessErrorState  tsc_user.o
    0x0800119c   0x0800119c   0x00000002   Code   RO           70    i.MyKeys_ProcessOffState  tsc_user.o
    0x0800119e   0x0800119e   0x00000002   Code   RO          557    i.NMI_Handler       apm32f0xx_int.o
    0x080011a0   0x080011a0   0x00000024   Code   RO         3109    i.NVIC_EnableIRQRequest  apm32f0xx_misc.o
    0x080011c4   0x080011c4   0x00000078   Code   RO          319    i.NVIC_SetPriority  bsp_delay.o
    0x0800123c   0x0800123c   0x00000078   Code   RO         3111    i.NVIC_SetPriority  apm32f0xx_misc.o
    0x080012b4   0x080012b4   0x00000078   Code   RO         6947    i.NVIC_SetPriority  tsc_time.o
    0x0800132c   0x0800132c   0x00000002   Code   RO          558    i.PendSV_Handler    apm32f0xx_int.o
    0x0800132e   0x0800132e   0x00000002   PAD
    0x08001330   0x08001330   0x0000001c   Code   RO         3346    i.RCM_ConfigUSBCLK  apm32f0xx_rcm.o
    0x0800134c   0x0800134c   0x00000010   Code   RO         3363    i.RCM_EnableAHBPeriphClock  apm32f0xx_rcm.o
    0x0800135c   0x0800135c   0x00000010   Code   RO         3365    i.RCM_EnableAPB1PeriphClock  apm32f0xx_rcm.o
    0x0800136c   0x0800136c   0x00000010   Code   RO         3367    i.RCM_EnableAPB2PeriphClock  apm32f0xx_rcm.o
    0x0800137c   0x0800137c   0x00000018   Code   RO         3374    i.RCM_EnableHSI48   apm32f0xx_rcm.o
    0x08001394   0x08001394   0x00000034   Code   RO         3385    i.RCM_ReadPCLKFreq  apm32f0xx_rcm.o
    0x080013c8   0x080013c8   0x000000a4   Code   RO         3386    i.RCM_ReadSYSCLKFreq  apm32f0xx_rcm.o
    0x0800146c   0x0800146c   0x00000050   Code   RO         3389    i.RCM_ReadUSART1CLKFreq  apm32f0xx_rcm.o
    0x080014bc   0x080014bc   0x00000050   Code   RO         3390    i.RCM_ReadUSART2CLKFreq  apm32f0xx_rcm.o
    0x0800150c   0x0800150c   0x000000a0   Code   RO         4140    i.SPI_Config        apm32f0xx_spi.o
    0x080015ac   0x080015ac   0x00000018   Code   RO         4142    i.SPI_ConfigFIFOThreshold  apm32f0xx_spi.o
    0x080015c4   0x080015c4   0x00000020   Code   RO         4143    i.SPI_ConfigStructInit  apm32f0xx_spi.o
    0x080015e4   0x080015e4   0x0000000c   Code   RO         4154    i.SPI_Enable        apm32f0xx_spi.o
    0x080015f0   0x080015f0   0x0000000e   Code   RO         4159    i.SPI_EnableInternalSlave  apm32f0xx_spi.o
    0x080015fe   0x080015fe   0x00000014   Code   RO         4171    i.SPI_ReadStatusFlag  apm32f0xx_spi.o
    0x08001612   0x08001612   0x00000004   Code   RO         4177    i.SPI_TxData8       apm32f0xx_spi.o
    0x08001616   0x08001616   0x00000002   Code   RO          559    i.SVC_Handler       apm32f0xx_int.o
    0x08001618   0x08001618   0x0000000c   Code   RO         6638    i.SoftDelay         tsc_acq.o
    0x08001624   0x08001624   0x00000008   Code   RO          560    i.SysTick_Handler   apm32f0xx_int.o
    0x0800162c   0x0800162c   0x000000dc   Code   RO          955    i.SystemClock48M    system_apm32f0xx.o
    0x08001708   0x08001708   0x00000008   Code   RO          956    i.SystemClockConfig  system_apm32f0xx.o
    0x08001710   0x08001710   0x00000088   Code   RO          958    i.SystemInit        system_apm32f0xx.o
    0x08001798   0x08001798   0x00000008   Code   RO          561    i.TMR14_IRQHandler  apm32f0xx_int.o
    0x080017a0   0x080017a0   0x0000006c   Code   RO           71    i.TMR14_Isr         tsc_user.o
    0x0800180c   0x0800180c   0x00000006   Code   RO         4499    i.TMR_ClearIntFlag  apm32f0xx_tmr.o
    0x08001812   0x08001812   0x00000002   PAD
    0x08001814   0x08001814   0x00000098   Code   RO         4518    i.TMR_ConfigTimeBase  apm32f0xx_tmr.o
    0x080018ac   0x080018ac   0x0000000c   Code   RO         4534    i.TMR_Enable        apm32f0xx_tmr.o
    0x080018b8   0x080018b8   0x00000008   Code   RO         4542    i.TMR_EnableInterrupt  apm32f0xx_tmr.o
    0x080018c0   0x080018c0   0x0000001a   Code   RO         4581    i.TMR_ReadIntFlag   apm32f0xx_tmr.o
    0x080018da   0x080018da   0x00000004   Code   RO         6640    i.TSC_Acq_CheckNoise  tsc_acq.o
    0x080018de   0x080018de   0x00000008   Code   RO         6641    i.TSC_Acq_ComputeDelta  tsc_acq.o
    0x080018e6   0x080018e6   0x00000008   Code   RO         6642    i.TSC_Acq_ComputeMeas  tsc_acq.o
    0x080018ee   0x080018ee   0x00000002   PAD
    0x080018f0   0x080018f0   0x00000088   Code   RO         6643    i.TSC_Acq_Config    tsc_acq.o
    0x08001978   0x08001978   0x0000007c   Code   RO         6644    i.TSC_Acq_ConfigBlock  tsc_acq.o
    0x080019f4   0x080019f4   0x00000100   Code   RO         6645    i.TSC_Acq_ConfigGPIO  tsc_acq.o
    0x08001af4   0x08001af4   0x00000004   Code   RO         6646    i.TSC_Acq_GPIOA_AF3_H  tsc_acq.o
    0x08001af8   0x08001af8   0x00000020   Code   RO         6647    i.TSC_Acq_GPIOA_AF3_L  tsc_acq.o
    0x08001b18   0x08001b18   0x00000018   Code   RO         6648    i.TSC_Acq_GPIOA_CHANNEL_SHIELD  tsc_acq.o
    0x08001b30   0x08001b30   0x0000000c   Code   RO         6649    i.TSC_Acq_GPIOA_SAMPCAP  tsc_acq.o
    0x08001b3c   0x08001b3c   0x00000004   Code   RO         6650    i.TSC_Acq_GPIOB_AF3_H  tsc_acq.o
    0x08001b40   0x08001b40   0x00000004   Code   RO         6651    i.TSC_Acq_GPIOB_AF3_L  tsc_acq.o
    0x08001b44   0x08001b44   0x00000004   Code   RO         6652    i.TSC_Acq_GPIOB_CHANNEL_SHIELD  tsc_acq.o
    0x08001b48   0x08001b48   0x00000004   Code   RO         6653    i.TSC_Acq_GPIOB_SAMPCAP  tsc_acq.o
    0x08001b4c   0x08001b4c   0x00000004   Code   RO         6654    i.TSC_Acq_GPIOC_CHANNEL_SHIELD  tsc_acq.o
    0x08001b50   0x08001b50   0x00000004   Code   RO         6655    i.TSC_Acq_GPIOC_SAMPCAP  tsc_acq.o
    0x08001b54   0x08001b54   0x000001b8   Code   RO         6656    i.TSC_Acq_ReadBlockResult  tsc_acq.o
    0x08001d0c   0x08001d0c   0x00000010   Code   RO         6657    i.TSC_Acq_ReadMeasurVal  tsc_acq.o
    0x08001d1c   0x08001d1c   0x0000000c   Code   RO         6658    i.TSC_Acq_Sampling_Capacitor  tsc_acq.o
    0x08001d28   0x08001d28   0x0000003a   Code   RO         6659    i.TSC_Acq_Schmitt_Trigger_Hysteresis  tsc_acq.o
    0x08001d62   0x08001d62   0x00000002   PAD
    0x08001d64   0x08001d64   0x0000002c   Code   RO         6660    i.TSC_Acq_StartPerConfigBlock  tsc_acq.o
    0x08001d90   0x08001d90   0x00000006   Code   RO         6661    i.TSC_Acq_TestFirstReference  tsc_acq.o
    0x08001d96   0x08001d96   0x00000006   Code   RO         6662    i.TSC_Acq_TestReferenceRange  tsc_acq.o
    0x08001d9c   0x08001d9c   0x00000006   Code   RO         6663    i.TSC_Acq_UseFilter  tsc_acq.o
    0x08001da2   0x08001da2   0x00000002   PAD
    0x08001da4   0x08001da4   0x00000024   Code   RO         6664    i.TSC_Acq_WaitBlockEOA  tsc_acq.o
    0x08001dc8   0x08001dc8   0x00000020   Code   RO         6611    i.TSC_Config        tsc.o
    0x08001de8   0x08001de8   0x00000088   Code   RO           72    i.TSC_DetectHandler  tsc_user.o
    0x08001e70   0x08001e70   0x00000002   Code   RO         6823    i.TSC_Dxs_FirstObj  tsc_dxs.o
    0x08001e72   0x08001e72   0x00000002   PAD
    0x08001e74   0x08001e74   0x000000d0   Code   RO         6843    i.TSC_Ecs_CalculateK  tsc_ecs.o
    0x08001f44   0x08001f44   0x00000098   Code   RO         6844    i.TSC_Ecs_Process   tsc_ecs.o
    0x08001fdc   0x08001fdc   0x000000e0   Code   RO         6845    i.TSC_Ecs_ProcessK  tsc_ecs.o
    0x080020bc   0x080020bc   0x0000001c   Code   RO          562    i.TSC_IRQHandler    apm32f0xx_int.o
    0x080020d8   0x080020d8   0x00000020   Code   RO         6915    i.TSC_Obj_ConfigGlobalObj  tsc_object.o
    0x080020f8   0x080020f8   0x00000078   Code   RO         6916    i.TSC_Obj_ConfigGroup  tsc_object.o
    0x08002170   0x08002170   0x00000078   Code   RO         6917    i.TSC_Obj_ProcessGroup  tsc_object.o
    0x080021e8   0x080021e8   0x00000084   Code   RO           73    i.TSC_ReleaseHandler  tsc_user.o
    0x0800226c   0x0800226c   0x00000050   Code   RO         6948    i.TSC_Time_Config   tsc_time.o
    0x080022bc   0x080022bc   0x00000074   Code   RO         6949    i.TSC_Time_Delay_ms  tsc_time.o
    0x08002330   0x08002330   0x00000068   Code   RO         6994    i.TSC_TouchKey_Config  tsc_touchkey.o
    0x08002398   0x08002398   0x0000008c   Code   RO         6996    i.TSC_TouchKey_ConfigCalibrationState  tsc_touchkey.o
    0x08002424   0x08002424   0x0000003c   Code   RO         6997    i.TSC_TouchKey_ConfigOffState  tsc_touchkey.o
    0x08002460   0x08002460   0x0000009c   Code   RO         6999    i.TSC_TouchKey_Process  tsc_touchkey.o
    0x080024fc   0x080024fc   0x00000128   Code   RO         7000    i.TSC_TouchKey_ProcessCalibrationState  tsc_touchkey.o
    0x08002624   0x08002624   0x0000007c   Code   RO         7001    i.TSC_TouchKey_ProcessDebCalibrationState  tsc_touchkey.o
    0x080026a0   0x080026a0   0x000000c8   Code   RO         7002    i.TSC_TouchKey_ProcessDebDetectState  tsc_touchkey.o
    0x08002768   0x08002768   0x000000b8   Code   RO         7003    i.TSC_TouchKey_ProcessDebErrorState  tsc_touchkey.o
    0x08002820   0x08002820   0x000000c8   Code   RO         7004    i.TSC_TouchKey_ProcessDebProxDetectState  tsc_touchkey.o
    0x080028e8   0x080028e8   0x000000c8   Code   RO         7005    i.TSC_TouchKey_ProcessDebProxState  tsc_touchkey.o
    0x080029b0   0x080029b0   0x000000c8   Code   RO         7006    i.TSC_TouchKey_ProcessDebProxTouchState  tsc_touchkey.o
    0x08002a78   0x08002a78   0x000000a0   Code   RO         7007    i.TSC_TouchKey_ProcessDebReleaseDetectState  tsc_touchkey.o
    0x08002b18   0x08002b18   0x0000007c   Code   RO         7008    i.TSC_TouchKey_ProcessDebReleaseProxState  tsc_touchkey.o
    0x08002b94   0x08002b94   0x000000a0   Code   RO         7009    i.TSC_TouchKey_ProcessDebReleaseTouchState  tsc_touchkey.o
    0x08002c34   0x08002c34   0x000000e4   Code   RO         7010    i.TSC_TouchKey_ProcessDetectState  tsc_touchkey.o
    0x08002d18   0x08002d18   0x000000e4   Code   RO         7011    i.TSC_TouchKey_ProcessProxState  tsc_touchkey.o
    0x08002dfc   0x08002dfc   0x0000012c   Code   RO         7012    i.TSC_TouchKey_ProcessReleaseState  tsc_touchkey.o
    0x08002f28   0x08002f28   0x000000e4   Code   RO         7013    i.TSC_TouchKey_ProcessTouchState  tsc_touchkey.o
    0x0800300c   0x0800300c   0x00000024   Code   RO         7016    i.TSC_TouchKey_ReadStateMask  tsc_touchkey.o
    0x08003030   0x08003030   0x000000a0   Code   RO           74    i.TSC_User_Action   tsc_user.o
    0x080030d0   0x080030d0   0x0000001c   Code   RO           75    i.TSC_User_Config   tsc_user.o
    0x080030ec   0x080030ec   0x00000002   Code   RO           76    i.TSC_User_Thresholds  tsc_user.o
    0x080030ee   0x080030ee   0x00000002   PAD
    0x080030f0   0x080030f0   0x000000b0   Code   RO         5144    i.USART_Config      apm32f0xx_usart.o
    0x080031a0   0x080031a0   0x0000000c   Code   RO         5184    i.USART_Enable      apm32f0xx_usart.o
    0x080031ac   0x080031ac   0x0000004a   Code   RO         5191    i.USART_EnableInterrupt  apm32f0xx_usart.o
    0x080031f6   0x080031f6   0x00000012   Code   RO         5206    i.USART_ReadStatusFlag  apm32f0xx_usart.o
    0x08003208   0x08003208   0x00000008   Code   RO         5210    i.USART_TxData      apm32f0xx_usart.o
    0x08003210   0x08003210   0x00000008   Code   RO         5640    i.USBD_ClearIntFlag  apm32f0xx_usb.o
    0x08003218   0x08003218   0x00000104   Code   RO          756    i.USBD_ClockInit    usbd_board.o
    0x0800331c   0x0800331c   0x000000cc   Code   RO         5990    i.USBD_Config       apm32f0xx_usb_device.o
    0x080033e8   0x080033e8   0x0000013c   Code   RO         5641    i.USBD_ConfigEP     apm32f0xx_usb.o
    0x08003524   0x08003524   0x00000044   Code   RO         5991    i.USBD_ConfigLinkPowerMode  apm32f0xx_usb_device.o
    0x08003568   0x08003568   0x00000040   Code   RO         5992    i.USBD_ConfigPMA    apm32f0xx_usb_device.o
    0x080035a8   0x080035a8   0x0000001a   Code   RO         6397    i.USBD_CtrlReceiveData  usbd_dataxfer.o
    0x080035c2   0x080035c2   0x0000001a   Code   RO         6398    i.USBD_CtrlReceiveStatus  usbd_dataxfer.o
    0x080035dc   0x080035dc   0x00000022   Code   RO         6399    i.USBD_CtrlSendData  usbd_dataxfer.o
    0x080035fe   0x080035fe   0x0000001a   Code   RO         6400    i.USBD_CtrlSendNextData  usbd_dataxfer.o
    0x08003618   0x08003618   0x0000001a   Code   RO         6401    i.USBD_CtrlSendStatus  usbd_dataxfer.o
    0x08003632   0x08003632   0x00000062   Code   RO          678    i.USBD_DESC_Ascii2Unicode  usbd_descriptor.o
    0x08003694   0x08003694   0x000000f4   Code   RO         6205    i.USBD_DataInStage  usbd_core.o
    0x08003788   0x08003788   0x00000022   Code   RO          758    i.USBD_DataInStageCallback  usbd_board.o
    0x080037aa   0x080037aa   0x00000100   Code   RO         6206    i.USBD_DataOutStage  usbd_core.o
    0x080038aa   0x080038aa   0x00000022   Code   RO          759    i.USBD_DataOutStageCallback  usbd_board.o
    0x080038cc   0x080038cc   0x0000001c   Code   RO          679    i.USBD_DevQualifierDescHandler  usbd_descriptor.o
    0x080038e8   0x080038e8   0x00000014   Code   RO         5643    i.USBD_DisableAckLPM  apm32f0xx_usb.o
    0x080038fc   0x080038fc   0x00000010   Code   RO         5644    i.USBD_DisableInterrupt  apm32f0xx_usb.o
    0x0800390c   0x0800390c   0x0000000a   Code   RO         5645    i.USBD_DisableLPM   apm32f0xx_usb.o
    0x08003916   0x08003916   0x000002be   Code   RO         5997    i.USBD_EP_CTRHandler  apm32f0xx_usb_device.o
    0x08003bd4   0x08003bd4   0x00000088   Code   RO         5998    i.USBD_EP_ClearStall  apm32f0xx_usb_device.o
    0x08003c5c   0x08003c5c   0x0000001a   Code   RO          761    i.USBD_EP_ClearStallCallback  usbd_board.o
    0x08003c76   0x08003c76   0x00000060   Code   RO         5999    i.USBD_EP_Close     apm32f0xx_usb_device.o
    0x08003cd6   0x08003cd6   0x00000016   Code   RO          762    i.USBD_EP_CloseCallback  usbd_board.o
    0x08003cec   0x08003cec   0x000000b0   Code   RO         6000    i.USBD_EP_DB_Receive  apm32f0xx_usb_device.o
    0x08003d9c   0x08003d9c   0x00000214   Code   RO         6001    i.USBD_EP_DB_Transmit  apm32f0xx_usb_device.o
    0x08003fb0   0x08003fb0   0x000000bc   Code   RO         6003    i.USBD_EP_Open      apm32f0xx_usb_device.o
    0x0800406c   0x0800406c   0x0000001e   Code   RO          764    i.USBD_EP_OpenCallback  usbd_board.o
    0x0800408a   0x0800408a   0x0000000a   Code   RO         5647    i.USBD_EP_ReadDir   apm32f0xx_usb.o
    0x08004094   0x08004094   0x0000000a   Code   RO         5648    i.USBD_EP_ReadID    apm32f0xx_usb.o
    0x0800409e   0x0800409e   0x00000002   PAD
    0x080040a0   0x080040a0   0x00000034   Code   RO         5649    i.USBD_EP_ReadPacketData  apm32f0xx_usb.o
    0x080040d4   0x080040d4   0x0000001c   Code   RO         5651    i.USBD_EP_ReadRxAddrPointer  apm32f0xx_usb.o
    0x080040f0   0x080040f0   0x00000016   Code   RO         5653    i.USBD_EP_ReadRxCnt  apm32f0xx_usb.o
    0x08004106   0x08004106   0x00000002   PAD
    0x08004108   0x08004108   0x0000001c   Code   RO         5654    i.USBD_EP_ReadRxCntPointer  apm32f0xx_usb.o
    0x08004124   0x08004124   0x00000030   Code   RO         6005    i.USBD_EP_ReadStallStatus  apm32f0xx_usb_device.o
    0x08004154   0x08004154   0x00000016   Code   RO          766    i.USBD_EP_ReadStallStatusCallback  usbd_board.o
    0x0800416a   0x0800416a   0x0000000a   Code   RO         5655    i.USBD_EP_ReadStatus  apm32f0xx_usb.o
    0x08004174   0x08004174   0x00000018   Code   RO         5657    i.USBD_EP_ReadTxAddrPointer  apm32f0xx_usb.o
    0x0800418c   0x0800418c   0x00000016   Code   RO         5659    i.USBD_EP_ReadTxCnt  apm32f0xx_usb.o
    0x080041a2   0x080041a2   0x00000002   PAD
    0x080041a4   0x080041a4   0x0000001c   Code   RO         5660    i.USBD_EP_ReadTxCntPointer  apm32f0xx_usb.o
    0x080041c0   0x080041c0   0x00000072   Code   RO         6006    i.USBD_EP_Receive   apm32f0xx_usb_device.o
    0x08004232   0x08004232   0x00000024   Code   RO          767    i.USBD_EP_ReceiveCallback  usbd_board.o
    0x08004256   0x08004256   0x00000002   PAD
    0x08004258   0x08004258   0x00000028   Code   RO         5661    i.USBD_EP_ResetKind  apm32f0xx_usb.o
    0x08004280   0x08004280   0x00000028   Code   RO         5662    i.USBD_EP_ResetRxFlag  apm32f0xx_usb.o
    0x080042a8   0x080042a8   0x0000001c   Code   RO         5663    i.USBD_EP_ResetRxToggle  apm32f0xx_usb.o
    0x080042c4   0x080042c4   0x00000024   Code   RO         5664    i.USBD_EP_ResetTxFlag  apm32f0xx_usb.o
    0x080042e8   0x080042e8   0x0000001c   Code   RO         5665    i.USBD_EP_ResetTxToggle  apm32f0xx_usb.o
    0x08004304   0x08004304   0x0000002c   Code   RO         5666    i.USBD_EP_SetAddr   apm32f0xx_usb.o
    0x08004330   0x08004330   0x00000084   Code   RO         5667    i.USBD_EP_SetBuffer0RxCnt  apm32f0xx_usb.o
    0x080043b4   0x080043b4   0x0000001a   Code   RO         5668    i.USBD_EP_SetBuffer0TxCnt  apm32f0xx_usb.o
    0x080043ce   0x080043ce   0x00000002   PAD
    0x080043d0   0x080043d0   0x00000028   Code   RO         5669    i.USBD_EP_SetKind   apm32f0xx_usb.o
    0x080043f8   0x080043f8   0x00000018   Code   RO         5670    i.USBD_EP_SetRxAddr  apm32f0xx_usb.o
    0x08004410   0x08004410   0x00000084   Code   RO         5671    i.USBD_EP_SetRxCnt  apm32f0xx_usb.o
    0x08004494   0x08004494   0x0000002c   Code   RO         5672    i.USBD_EP_SetRxStatus  apm32f0xx_usb.o
    0x080044c0   0x080044c0   0x00000018   Code   RO         5673    i.USBD_EP_SetTxAddr  apm32f0xx_usb.o
    0x080044d8   0x080044d8   0x0000001a   Code   RO         5674    i.USBD_EP_SetTxCnt  apm32f0xx_usb.o
    0x080044f2   0x080044f2   0x00000002   PAD
    0x080044f4   0x080044f4   0x0000002c   Code   RO         5676    i.USBD_EP_SetTxStatus  apm32f0xx_usb.o
    0x08004520   0x08004520   0x00000030   Code   RO         5677    i.USBD_EP_SetType   apm32f0xx_usb.o
    0x08004550   0x08004550   0x0000006c   Code   RO         6007    i.USBD_EP_Stall     apm32f0xx_usb_device.o
    0x080045bc   0x080045bc   0x0000001a   Code   RO          768    i.USBD_EP_StallCallback  usbd_board.o
    0x080045d6   0x080045d6   0x00000002   PAD
    0x080045d8   0x080045d8   0x00000028   Code   RO         5678    i.USBD_EP_ToggleRx  apm32f0xx_usb.o
    0x08004600   0x08004600   0x00000024   Code   RO         5679    i.USBD_EP_ToggleTx  apm32f0xx_usb.o
    0x08004624   0x08004624   0x00000084   Code   RO         6008    i.USBD_EP_Transfer  apm32f0xx_usb_device.o
    0x080046a8   0x080046a8   0x00000024   Code   RO          769    i.USBD_EP_TransferCallback  usbd_board.o
    0x080046cc   0x080046cc   0x0000002c   Code   RO         5680    i.USBD_EP_WritePacketData  apm32f0xx_usb.o
    0x080046f8   0x080046f8   0x0000066e   Code   RO         6009    i.USBD_EP_XferStart  apm32f0xx_usb_device.o
    0x08004d66   0x08004d66   0x0000000c   Code   RO         5681    i.USBD_Enable       apm32f0xx_usb.o
    0x08004d72   0x08004d72   0x00000002   PAD
    0x08004d74   0x08004d74   0x00000018   Code   RO         5682    i.USBD_EnableAckLPM  apm32f0xx_usb.o
    0x08004d8c   0x08004d8c   0x00000010   Code   RO         5683    i.USBD_EnableInterrupt  apm32f0xx_usb.o
    0x08004d9c   0x08004d9c   0x0000000c   Code   RO         5684    i.USBD_EnableLPM    apm32f0xx_usb.o
    0x08004da8   0x08004da8   0x0000000e   Code   RO         5685    i.USBD_EnablePullUpDP  apm32f0xx_usb.o
    0x08004db6   0x08004db6   0x00000030   Code   RO          770    i.USBD_EnumDoneCallback  usbd_board.o
    0x08004de6   0x08004de6   0x00000002   PAD
    0x08004de8   0x08004de8   0x0000001c   Code   RO          680    i.USBD_FS_ConfigDescHandler  usbd_descriptor.o
    0x08004e04   0x08004e04   0x0000001c   Code   RO          681    i.USBD_FS_DeviceDescHandler  usbd_descriptor.o
    0x08004e20   0x08004e20   0x00000030   Code   RO          682    i.USBD_FS_InterfaceDescHandler  usbd_descriptor.o
    0x08004e50   0x08004e50   0x0000001c   Code   RO          683    i.USBD_FS_LangIdDescHandler  usbd_descriptor.o
    0x08004e6c   0x08004e6c   0x00000028   Code   RO          684    i.USBD_FS_ManufacturerDescHandler  usbd_descriptor.o
    0x08004e94   0x08004e94   0x0000002c   Code   RO          685    i.USBD_FS_ProductDescHandler  usbd_descriptor.o
    0x08004ec0   0x08004ec0   0x0000001c   Code   RO          686    i.USBD_FS_SerialDescHandler  usbd_descriptor.o
    0x08004edc   0x08004edc   0x00000074   Code   RO         6536    i.USBD_HID_ClassDeInitHandler  usbd_hid.o
    0x08004f50   0x08004f50   0x000000c0   Code   RO         6537    i.USBD_HID_ClassInitHandler  usbd_hid.o
    0x08005010   0x08005010   0x00000024   Code   RO         6538    i.USBD_HID_DataInHandler  usbd_hid.o
    0x08005034   0x08005034   0x0000001c   Code   RO         6539    i.USBD_HID_DescHandler  usbd_hid.o
    0x08005050   0x08005050   0x0000001c   Code   RO         6541    i.USBD_HID_ReportDescHandler  usbd_hid.o
    0x0800506c   0x0800506c   0x00000006   Code   RO         6542    i.USBD_HID_SOFHandler  usbd_hid.o
    0x08005072   0x08005072   0x00000002   PAD
    0x08005074   0x08005074   0x000001f4   Code   RO         6543    i.USBD_HID_SetupHandler  usbd_hid.o
    0x08005268   0x08005268   0x00000046   Code   RO         6544    i.USBD_HID_TxReport  usbd_hid.o
    0x080052ae   0x080052ae   0x00000026   Code   RO         6218    i.USBD_HandleSOF    usbd_core.o
    0x080052d4   0x080052d4   0x0000007c   Code   RO          771    i.USBD_HardwareInit  usbd_board.o
    0x08005350   0x08005350   0x00000010   Code   RO          563    i.USBD_IRQHandler   apm32f0xx_int.o
    0x08005360   0x08005360   0x00000048   Code   RO         6219    i.USBD_Init         usbd_core.o
    0x080053a8   0x080053a8   0x0000015e   Code   RO         6013    i.USBD_IsrHandler   apm32f0xx_usb_device.o
    0x08005506   0x08005506   0x00000002   Code   RO         6014    i.USBD_LpmModeCallback  apm32f0xx_usb_device.o
    0x08005508   0x08005508   0x0000001c   Code   RO          687    i.USBD_OtherSpeedConfigDescHandler  usbd_descriptor.o
    0x08005524   0x08005524   0x00000046   Code   RO         6451    i.USBD_REQ_ClearFeature  usbd_stdreq.o
    0x0800556a   0x0800556a   0x0000001c   Code   RO         6452    i.USBD_REQ_CtrlError  usbd_stdreq.o
    0x08005586   0x08005586   0x00000060   Code   RO         6453    i.USBD_REQ_GetCfg   usbd_stdreq.o
    0x080055e6   0x080055e6   0x0000025c   Code   RO         6454    i.USBD_REQ_GetDesc  usbd_stdreq.o
    0x08005842   0x08005842   0x00000006   Code   RO         6455    i.USBD_REQ_GetItf   usbd_stdreq.o
    0x08005848   0x08005848   0x00000064   Code   RO         6456    i.USBD_REQ_GetStatus  usbd_stdreq.o
    0x080058ac   0x080058ac   0x0000007a   Code   RO         6457    i.USBD_REQ_SetAddress  usbd_stdreq.o
    0x08005926   0x08005926   0x00000002   PAD
    0x08005928   0x08005928   0x00000120   Code   RO         6458    i.USBD_REQ_SetCfg   usbd_stdreq.o
    0x08005a48   0x08005a48   0x00000006   Code   RO         6459    i.USBD_REQ_SetDesc  usbd_stdreq.o
    0x08005a4e   0x08005a4e   0x00000046   Code   RO         6460    i.USBD_REQ_SetFeature  usbd_stdreq.o
    0x08005a94   0x08005a94   0x00000006   Code   RO         6461    i.USBD_REQ_SetItf   usbd_stdreq.o
    0x08005a9a   0x08005a9a   0x00000006   Code   RO         6462    i.USBD_REQ_SyncFrame  usbd_stdreq.o
    0x08005aa0   0x08005aa0   0x0000000a   Code   RO         5686    i.USBD_ReadBESL     apm32f0xx_usb.o
    0x08005aaa   0x08005aaa   0x00000012   Code   RO         5687    i.USBD_ReadIntFlag  apm32f0xx_usb.o
    0x08005abc   0x08005abc   0x0000007e   Code   RO         6222    i.USBD_Reset        usbd_core.o
    0x08005b3a   0x08005b3a   0x0000009c   Code   RO         5688    i.USBD_ResetEP      apm32f0xx_usb.o
    0x08005bd6   0x08005bd6   0x0000000a   Code   RO         5689    i.USBD_ResetForceReset  apm32f0xx_usb.o
    0x08005be0   0x08005be0   0x0000000a   Code   RO         5690    i.USBD_ResetForceSuspend  apm32f0xx_usb.o
    0x08005bea   0x08005bea   0x0000000a   Code   RO         5691    i.USBD_ResetLowerPowerMode  apm32f0xx_usb.o
    0x08005bf4   0x08005bf4   0x00000022   Code   RO         6223    i.USBD_Resume       usbd_core.o
    0x08005c16   0x08005c16   0x00000002   PAD
    0x08005c18   0x08005c18   0x0000002c   Code   RO          775    i.USBD_ResumeCallback  usbd_board.o
    0x08005c44   0x08005c44   0x00000012   Code   RO          776    i.USBD_SOFCallback  usbd_board.o
    0x08005c56   0x08005c56   0x00000022   Code   RO         6017    i.USBD_SetDevAddress  apm32f0xx_usb_device.o
    0x08005c78   0x08005c78   0x0000001a   Code   RO          777    i.USBD_SetDevAddressCallback  usbd_board.o
    0x08005c92   0x08005c92   0x00000010   Code   RO         5692    i.USBD_SetDeviceAddr  apm32f0xx_usb.o
    0x08005ca2   0x08005ca2   0x0000000c   Code   RO         5693    i.USBD_SetForceReset  apm32f0xx_usb.o
    0x08005cae   0x08005cae   0x0000000c   Code   RO         5694    i.USBD_SetForceSuspend  apm32f0xx_usb.o
    0x08005cba   0x08005cba   0x0000000c   Code   RO         5695    i.USBD_SetLowerPowerMode  apm32f0xx_usb.o
    0x08005cc6   0x08005cc6   0x00000014   Code   RO         6225    i.USBD_SetSpeed     usbd_core.o
    0x08005cda   0x08005cda   0x00000002   PAD
    0x08005cdc   0x08005cdc   0x00000438   Code   RO         6226    i.USBD_SetupStage   usbd_core.o
    0x08006114   0x08006114   0x00000018   Code   RO          778    i.USBD_SetupStageCallback  usbd_board.o
    0x0800612c   0x0800612c   0x00000020   Code   RO         6019    i.USBD_Start        apm32f0xx_usb_device.o
    0x0800614c   0x0800614c   0x00000012   Code   RO          779    i.USBD_StartCallback  usbd_board.o
    0x0800615e   0x0800615e   0x00000020   Code   RO         6230    i.USBD_Suspend      usbd_core.o
    0x0800617e   0x0800617e   0x00000002   PAD
    0x08006180   0x08006180   0x00000028   Code   RO          782    i.USBD_SuspendCallback  usbd_board.o
    0x080061a8   0x080061a8   0x00000072   Code   RO         6023    i.USBD_SuspendHandler  apm32f0xx_usb_device.o
    0x0800621a   0x0800621a   0x00000006   Code   RO         6231    i.USBD_TestModeHandler  usbd_core.o
    0x08006220   0x08006220   0x00000028   Code   RO         6402    i.USBH_SetupReqParse  usbd_dataxfer.o
    0x08006248   0x08006248   0x00000034   Code   RO          627    i.USB_DevUserHandler  usb_device_user.o
    0x0800627c   0x0800627c   0x00000024   Code   RO          628    i.USB_DeviceInit    usb_device_user.o
    0x080062a0   0x080062a0   0x00000014   Code   RO         7158    i.__0printf$bare    mc_p.l(printfb.o)
    0x080062b4   0x080062b4   0x0000001c   Code   RO          156    i.__ARM_common_switch8  tsc_user.o
    0x080062d0   0x080062d0   0x0000000e   Code   RO         7497    i.__scatterload_copy  mc_p.l(handlers.o)
    0x080062de   0x080062de   0x00000002   Code   RO         7498    i.__scatterload_null  mc_p.l(handlers.o)
    0x080062e0   0x080062e0   0x0000000e   Code   RO         7499    i.__scatterload_zeroinit  mc_p.l(handlers.o)
    0x080062ee   0x080062ee   0x0000001e   Code   RO         7165    i._printf_core      mc_p.l(printfb.o)
    0x0800630c   0x0800630c   0x00000024   Code   RO          512    i.fputc             main.o
    0x08006330   0x08006330   0x00000054   Code   RO         7417    i.free              mc_p.l(malloc.o)
    0x08006384   0x08006384   0x000000bc   Code   RO          513    i.main              main.o
    0x08006440   0x08006440   0x0000006c   Code   RO         7418    i.malloc            mc_p.l(malloc.o)
    0x080064ac   0x080064ac   0x000001c4   Data   RO           78    .constdata          tsc_user.o
    0x08006670   0x08006670   0x00000058   Data   RO          251    .constdata          board_apm32f072_eval.o
    0x080066c8   0x080066c8   0x000033f4   Data   RO          379    .constdata          bsp_lcd.o
    0x08009abc   0x08009abc   0x000000a5   Data   RO          380    .conststring        bsp_lcd.o
    0x08009b61   0x08009b61   0x00000003   PAD
    0x08009b64   0x08009b64   0x00000015   Data   RO          688    .conststring        usbd_descriptor.o
    0x08009b79   0x08009b79   0x00000003   PAD
    0x08009b7c   0x08009b7c   0x0000000a   Data   RO         6545    .conststring        usbd_hid.o
    0x08009b86   0x08009b86   0x00000002   PAD
    0x08009b88   0x08009b88   0x00000020   Data   RO         7495    Region$$Table       anon$$obj.o


    Execution Region RW_IRAM1 (Exec base: 0x20000000, Load base: 0x08009ba8, Size: 0x00001498, Max: 0x00004000, ABSOLUTE, COMPRESSED[0x0000013c])

    Exec Addr    Load Addr    Size         Type   Attr      Idx    E Section Name        Object

    0x20000000   COMPRESSED   0x0000003c   Data   RW           79    .data               tsc_user.o
    0x2000003c   COMPRESSED   0x00000038   Data   RW          252    .data               board_apm32f072_eval.o
    0x20000074   COMPRESSED   0x00000004   Data   RW          320    .data               bsp_delay.o
    0x20000078   COMPRESSED   0x00000018   Data   RW          381    .data               bsp_lcd.o
    0x20000090   COMPRESSED   0x00000002   Data   RW          631    .data               usb_device_user.o
    0x20000092   COMPRESSED   0x00000002   PAD
    0x20000094   COMPRESSED   0x000000b8   Data   RW          689    .data               usbd_descriptor.o
    0x2000014c   COMPRESSED   0x00000004   Data   RW          959    .data               system_apm32f0xx.o
    0x20000150   COMPRESSED   0x00000035   Data   RW         6463    .data               usbd_stdreq.o
    0x20000185   COMPRESSED   0x00000003   PAD
    0x20000188   COMPRESSED   0x00000078   Data   RW         6546    .data               usbd_hid.o
    0x20000200   COMPRESSED   0x0000000a   Data   RW         6666    .data               tsc_acq.o
    0x2000020a   COMPRESSED   0x00000002   Data   RW         7017    .data               tsc_touchkey.o
    0x2000020c   COMPRESSED   0x00000004   Data   RW         7463    .data               mc_p.l(stdout.o)
    0x20000210   COMPRESSED   0x00000004   Data   RW         7470    .data               mc_p.l(mvars.o)
    0x20000214   COMPRESSED   0x00000004   Data   RW         7471    .data               mc_p.l(mvars.o)
    0x20000218        -       0x00000082   Zero   RW           77    .bss                tsc_user.o
    0x2000029a   COMPRESSED   0x00000002   PAD
    0x2000029c        -       0x000002c8   Zero   RW          630    .bss                usb_device_user.o
    0x20000564        -       0x0000031c   Zero   RW          783    .bss                usbd_board.o
    0x20000880        -       0x00000014   Zero   RW         6612    .bss                tsc.o
    0x20000894   COMPRESSED   0x00000004   PAD
    0x20000898        -       0x00000800   Zero   RW          947    HEAP                startup_apm32f072.o
    0x20001098        -       0x00000400   Zero   RW          946    STACK               startup_apm32f072.o


==============================================================================

Image component sizes


      Code (inc. data)   RO Data    RW Data    ZI Data      Debug   Object Name

        72         14          0          0          0       1849   apm32f0xx_crs.o
       156          6          0          0          0       1302   apm32f0xx_eint.o
       236          0          0          0          0       4239   apm32f0xx_gpio.o
        68         14          0          0          0       3901   apm32f0xx_int.o
       156         14          0          0          0       7316   apm32f0xx_misc.o
       476         76          0          0          0       5972   apm32f0xx_rcm.o
       266          4          0          0          0       5280   apm32f0xx_spi.o
       204         24          0          0          0       4037   apm32f0xx_tmr.o
       288         22          0          0          0       4204   apm32f0xx_usart.o
      1824        136          0          0          0      35073   apm32f0xx_usb.o
      4746          6          0          0          0      17528   apm32f0xx_usb_device.o
         0          0          0          0          0      76560   board.o
       564         94         88         56          0       6067   board_apm32f072_eval.o
       252         30          0          4          0       9217   bsp_delay.o
      2356        124      13465         24          0      17031   bsp_lcd.o
       224         46          0          0          0       3411   main.o
        28          8        192          0       3072        644   startup_apm32f072.o
       364         26          0          4          0       1891   system_apm32f0xx.o
        32          4          0          0         20       2392   tsc.o
      1268         66          0         10          0      19112   tsc_acq.o
         2          0          0          0          0       1151   tsc_dxs.o
       584         20          0          0          0       3526   tsc_ecs.o
       272         12          0          0          0       2747   tsc_object.o
       316         34          0          0          0       8678   tsc_time.o
      3328         98          0          2          0      14939   tsc_touchkey.o
      1080        126        452         60        130      93069   tsc_user.o
        88         32          0          2        712       3218   usb_device_user.o
       868         34          0          0        796      14906   usbd_board.o
      1908          6          0          0          0       9835   usbd_core.o
       178          0          0          0          0       5327   usbd_dataxfer.o
       398         72         21        184          0       7898   usbd_descriptor.o
       976         62         10        120          0       9209   usbd_hid.o
      1402         14          0         53          0      10661   usbd_stdreq.o

    ----------------------------------------------------------------------
     25028       1224      14268        524       4736     412190   Object Totals
         0          0         32          0          0          0   (incl. Generated)
        48          0          8          5          6          0   (incl. Padding)

    ----------------------------------------------------------------------

      Code (inc. data)   RO Data    RW Data    ZI Data      Debug   Library Member Name

        86          0          0          0          0          0   __dczerorl2.o
         0          0          0          0          0          0   entry.o
         0          0          0          0          0          0   entry10a.o
         0          0          0          0          0          0   entry11a.o
         8          4          0          0          0          0   entry2.o
         4          0          0          0          0          0   entry5.o
         0          0          0          0          0          0   entry7b.o
         0          0          0          0          0          0   entry8b.o
         8          4          0          0          0          0   entry9a.o
        30          0          0          0          0          0   handlers.o
        40          0          0          0          0         72   idiv.o
        36          8          0          0          0         68   init.o
       192         20          0          0          0        144   malloc.o
        36          0          0          0          0        100   memseta.o
         0          0          0          8          0          0   mvars.o
        50          8          0          0          0        144   printfb.o
         0          0          0          4          0          0   stdout.o
        14          0          0          0          0         60   strlen.o
        44          0          0          0          0         72   uidiv.o

    ----------------------------------------------------------------------
       552         44          0         12          0        660   Library Totals
         4          0          0          0          0          0   (incl. Padding)

    ----------------------------------------------------------------------

      Code (inc. data)   RO Data    RW Data    ZI Data      Debug   Library Name

       548         44          0         12          0        660   mc_p.l

    ----------------------------------------------------------------------
       552         44          0         12          0        660   Library Totals

    ----------------------------------------------------------------------

==============================================================================


      Code (inc. data)   RO Data    RW Data    ZI Data      Debug   

     25580       1268      14268        536       4736     400842   Grand Totals
     25580       1268      14268        316       4736     400842   ELF Image Totals (compressed)
     25580       1268      14268        316          0          0   ROM Totals

==============================================================================

    Total RO  Size (Code + RO Data)                39848 (  38.91kB)
    Total RW  Size (RW Data + ZI Data)              5272 (   5.15kB)
    Total ROM Size (Code + RO Data + RW Data)      40164 (  39.22kB)

==============================================================================

